2026-09-26T23:44:57.8757339Z Current runner version: '2.337.0'
2026-09-26T23:44:57.8781961Z ##[group]Runner Image Provisioner
2026-09-26T23:44:57.8782845Z Hosted Compute Agent
2026-09-26T23:44:57.8783440Z Version: 20260828.587
2026-09-26T23:44:57.8784170Z Commit: abac92662cab4cc7352de4f9f9d2e2419aad9c29
2026-09-26T23:44:57.8784907Z Build Date: 2026-08-28T16:44:25Z
2026-09-26T23:44:57.8785630Z Worker ID: {a80baf8f-9d2c-4318-ae68-878644f6a775}
2026-09-26T23:44:57.8786458Z Azure Region: westus2
2026-09-26T23:44:57.8787047Z ##[endgroup]
2026-09-26T23:44:57.8788739Z ##[group]Operating System
2026-09-26T23:44:57.8789405Z Ubuntu
2026-09-26T23:44:57.8790084Z 24.04.5
2026-09-26T23:44:57.8790899Z LTS
2026-09-26T23:44:57.8791444Z ##[endgroup]
2026-09-26T23:44:57.8792069Z ##[group]Runner Image
2026-09-26T23:44:57.8792680Z Image: ubuntu-24.04
2026-09-26T23:44:57.8793618Z Version: 20260920.314.1
2026-09-26T23:44:57.8795009Z Included Software: https://github.com/actions/runner-images/blob/ubuntu24/20260920.314/images/ubuntu/Ubuntu2404-Readme.md
2026-09-26T23:44:57.8796646Z Image Release: https://github.com/actions/runner-images/releases/tag/ubuntu24%2F20260920.314
2026-09-26T23:44:57.8797642Z ##[endgroup]
2026-09-26T23:44:57.8798847Z ##[group]GITHUB_TOKEN Permissions
2026-09-26T23:44:57.8801211Z Contents: write
2026-09-26T23:44:57.8802007Z Metadata: read
2026-09-26T23:44:57.8802601Z ##[endgroup]
2026-09-26T23:44:57.8804751Z Secret source: Actions
2026-09-26T23:44:57.8805807Z Cache mode: write
2026-09-26T23:44:57.8806506Z Prepare workflow directory
2026-09-26T23:44:57.9401160Z Prepare all required actions
2026-09-26T23:44:57.9450178Z Getting action download info
2026-09-26T23:44:58.2505794Z Download action repository 'actions/checkout@v4' (SHA:11d5960a326750d5838078e36cf38b85af677262)
2026-09-26T23:44:58.3472269Z Download action repository 'actions/upload-artifact@v4' (SHA:ea165f8d65b6e75b540449e92b4886f43607fa02)
2026-09-26T23:44:58.5563296Z Complete job name: build
2026-09-26T23:44:58.6278755Z ##[group]Run actions/checkout@v4
2026-09-26T23:44:58.6279634Z with:
2026-09-26T23:44:58.6280120Z   repository: avrignaud/common_drivers
2026-09-26T23:44:58.6284126Z   token: ***
2026-09-26T23:44:58.6284573Z   ssh-strict: true
2026-09-26T23:44:58.6285015Z   ssh-user: git
2026-09-26T23:44:58.6285460Z   persist-credentials: true
2026-09-26T23:44:58.6285956Z   clean: true
2026-09-26T23:44:58.6286405Z   sparse-checkout-cone-mode: true
2026-09-26T23:44:58.6286926Z   fetch-depth: 1
2026-09-26T23:44:58.6287361Z   fetch-tags: false
2026-09-26T23:44:58.6287805Z   show-progress: true
2026-09-26T23:44:58.6288259Z   lfs: false
2026-09-26T23:44:58.6288682Z   submodules: false
2026-09-26T23:44:58.6289139Z   set-safe-directory: true
2026-09-26T23:44:58.6289646Z   allow-unsafe-pr-checkout: false
2026-09-26T23:44:58.6290414Z env:
2026-09-26T23:44:58.6291104Z   CE_COMMIT: cb01a8989c75486ff0cfc7cbab7bcd6c20cfbc7f
2026-09-26T23:44:58.6291794Z   BASE_CD: 23b23cb6b709d53a5b7cb2cc6984f0c4d16bb125
2026-09-26T23:44:58.6292507Z   PATCHED_CD: 48e62bf2932c98e48d18569ff0a1d73e25924eda
2026-09-26T23:44:58.6293205Z   PATCHED_CD_REPO: avrignaud/common_drivers
2026-09-26T23:44:58.6294347Z   OFFICIAL_TAR_URL: https://archive.coreelec.org/Amlogic-no/CE-22/20260926/CoreELEC-Amlogic-no.aarch64-22.0-Piers_nightly_20260926.tar
2026-09-26T23:44:58.6295510Z   RELEASE_TAG: test-hpd-leak-fix-nightly_20260926
2026-09-26T23:44:58.6296128Z   BUILD_UNPATCHED: yes
2026-09-26T23:44:58.6296588Z ##[endgroup]
2026-09-26T23:44:58.7296035Z Syncing repository: avrignaud/common_drivers
2026-09-26T23:44:58.7299009Z ##[group]Getting Git version info
2026-09-26T23:44:58.7300393Z Working directory is '/home/runner/work/common_drivers/common_drivers'
2026-09-26T23:44:58.7315482Z [command]/usr/bin/git version
2026-09-26T23:44:58.7462054Z git version 2.55.0
2026-09-26T23:44:58.7485244Z ##[endgroup]
2026-09-26T23:44:58.7501893Z Temporarily overriding HOME='/home/runner/work/_temp/77578fe1-4c3d-4524-b6e1-e93c878e3c49' before making global git config changes
2026-09-26T23:44:58.7504346Z Adding repository directory to the temporary git global config as a safe directory
2026-09-26T23:44:58.7510415Z [command]/usr/bin/git config --global --add safe.directory /home/runner/work/common_drivers/common_drivers
2026-09-26T23:44:58.7567853Z Deleting the contents of '/home/runner/work/common_drivers/common_drivers'
2026-09-26T23:44:58.7573520Z ##[group]Initializing the repository
2026-09-26T23:44:58.7578793Z [command]/usr/bin/git init /home/runner/work/common_drivers/common_drivers
2026-09-26T23:44:58.7714592Z hint: Using 'master' as the name for the initial branch. This default branch name
2026-09-26T23:44:58.7715751Z hint: will change to "main" in Git 3.0. To configure the initial branch name
2026-09-26T23:44:58.7716700Z hint: to use in all of your new repositories, which will suppress this warning,
2026-09-26T23:44:58.7717440Z hint: call:
2026-09-26T23:44:58.7717848Z hint:
2026-09-26T23:44:58.7718365Z hint: 	git config --global init.defaultBranch <name>
2026-09-26T23:44:58.7719022Z hint:
2026-09-26T23:44:58.7719617Z hint: Names commonly chosen instead of 'master' are 'main', 'trunk' and
2026-09-26T23:44:58.7720715Z hint: 'development'. The just-created branch can be renamed via this command:
2026-09-26T23:44:58.7721952Z hint:
2026-09-26T23:44:58.7722406Z hint: 	git branch -m <name>
2026-09-26T23:44:58.7722882Z hint:
2026-09-26T23:44:58.7723503Z hint: Disable this message with "git config set advice.defaultBranchName false"
2026-09-26T23:44:58.7729648Z Initialized empty Git repository in /home/runner/work/common_drivers/common_drivers/.git/
2026-09-26T23:44:58.7740879Z [command]/usr/bin/git remote add origin https://github.com/avrignaud/common_drivers
2026-09-26T23:44:58.7848766Z ##[endgroup]
2026-09-26T23:44:58.7850328Z ##[group]Disabling automatic garbage collection
2026-09-26T23:44:58.7861591Z [command]/usr/bin/git config --local gc.auto 0
2026-09-26T23:44:58.7899781Z ##[endgroup]
2026-09-26T23:44:58.7901416Z ##[group]Setting up auth
2026-09-26T23:44:58.7903045Z [command]/usr/bin/git config --local --name-only --get-regexp core\.sshCommand
2026-09-26T23:44:58.7938831Z [command]/usr/bin/git submodule foreach --recursive sh -c "git config --local --name-only --get-regexp 'core\.sshCommand' && git config --local --unset-all 'core.sshCommand' || :"
2026-09-26T23:44:58.8347922Z [command]/usr/bin/git config --local --name-only --get-regexp http\.https\:\/\/github\.com\/\.extraheader
2026-09-26T23:44:58.8385641Z [command]/usr/bin/git submodule foreach --recursive sh -c "git config --local --name-only --get-regexp 'http\.https\:\/\/github\.com\/\.extraheader' && git config --local --unset-all 'http.https://github.com/.extraheader' || :"
2026-09-26T23:44:58.8629884Z [command]/usr/bin/git config --local --name-only --get-regexp ^includeIf\.gitdir:
2026-09-26T23:44:58.8669932Z [command]/usr/bin/git submodule foreach --recursive git config --local --show-origin --name-only --get-regexp remote.origin.url
2026-09-26T23:44:58.8902280Z [command]/usr/bin/git config --local http.https://github.com/.extraheader AUTHORIZATION: basic ***
2026-09-26T23:44:58.8943746Z ##[endgroup]
2026-09-26T23:44:58.8944613Z ##[group]Fetching the repository
2026-09-26T23:44:58.8953849Z [command]/usr/bin/git -c protocol.version=2 fetch --no-tags --prune --no-recurse-submodules --depth=1 origin +97fcc013a9af01ebb923c32ac64d3efee9283d71:refs/remotes/origin/ci-test-build
2026-09-26T23:44:59.4478694Z From https://github.com/avrignaud/common_drivers
2026-09-26T23:44:59.4480946Z  * [new ref]         97fcc013a9af01ebb923c32ac64d3efee9283d71 -> origin/ci-test-build
2026-09-26T23:44:59.4484645Z ##[endgroup]
2026-09-26T23:44:59.4486318Z ##[group]Determining the checkout info
2026-09-26T23:44:59.4488294Z ##[endgroup]
2026-09-26T23:44:59.4512008Z [command]/usr/bin/git sparse-checkout disable
2026-09-26T23:44:59.4559659Z [command]/usr/bin/git config --local --unset-all extensions.worktreeConfig
2026-09-26T23:44:59.4597098Z ##[group]Checking out the ref
2026-09-26T23:44:59.4603611Z [command]/usr/bin/git checkout --progress --force -B ci-test-build refs/remotes/origin/ci-test-build
2026-09-26T23:44:59.4678758Z Switched to a new branch 'ci-test-build'
2026-09-26T23:44:59.4685480Z branch 'ci-test-build' set up to track 'origin/ci-test-build'.
2026-09-26T23:44:59.4697692Z ##[endgroup]
2026-09-26T23:44:59.4762569Z [command]/usr/bin/git log -1 --format=%H
2026-09-26T23:44:59.4772619Z 97fcc013a9af01ebb923c32ac64d3efee9283d71
2026-09-26T23:44:59.5017461Z ##[group]Run df -h /
2026-09-26T23:44:59.5018609Z [36;1mdf -h /[0m
2026-09-26T23:44:59.5021265Z [36;1msudo rm -rf /usr/share/dotnet /usr/local/lib/android /opt/ghc /usr/local/.ghcup /opt/hostedtoolcache/CodeQL /usr/local/share/boost[0m
2026-09-26T23:44:59.5024220Z [36;1msudo docker image prune -af >/dev/null 2>&1 || true[0m
2026-09-26T23:44:59.5025709Z [36;1mdf -h /[0m
2026-09-26T23:44:59.5323213Z shell: /usr/bin/bash -e {0}
2026-09-26T23:44:59.5324307Z env:
2026-09-26T23:44:59.5325323Z   CE_COMMIT: cb01a8989c75486ff0cfc7cbab7bcd6c20cfbc7f
2026-09-26T23:44:59.5326840Z   BASE_CD: 23b23cb6b709d53a5b7cb2cc6984f0c4d16bb125
2026-09-26T23:44:59.5328346Z   PATCHED_CD: 48e62bf2932c98e48d18569ff0a1d73e25924eda
2026-09-26T23:44:59.5329785Z   PATCHED_CD_REPO: avrignaud/common_drivers
2026-09-26T23:44:59.5332655Z   OFFICIAL_TAR_URL: https://archive.coreelec.org/Amlogic-no/CE-22/20260926/CoreELEC-Amlogic-no.aarch64-22.0-Piers_nightly_20260926.tar
2026-09-26T23:44:59.5335508Z   RELEASE_TAG: test-hpd-leak-fix-nightly_20260926
2026-09-26T23:44:59.5336826Z   BUILD_UNPATCHED: yes
2026-09-26T23:44:59.5337754Z ##[endgroup]
2026-09-26T23:44:59.5729393Z Filesystem      Size  Used Avail Use% Mounted on
2026-09-26T23:44:59.5731919Z /dev/root       145G   59G   86G  41% /
2026-09-26T23:47:03.5432940Z Filesystem      Size  Used Avail Use% Mounted on
2026-09-26T23:47:03.5433579Z /dev/root       145G   35G  110G  25% /
2026-09-26T23:47:03.5540302Z ##[group]Run sudo apt-get update -q
2026-09-26T23:47:03.5541248Z [36;1msudo apt-get update -q[0m
2026-09-26T23:47:03.5542072Z [36;1msudo DEBIAN_FRONTEND=noninteractive apt-get install -y -q --no-install-recommends \[0m
2026-09-26T23:47:03.5543164Z [36;1m  bash bc bzip2 curl diffutils gawk gcc g++ gperf gzip file patchutils lzop make patch perl \[0m
2026-09-26T23:47:03.5544332Z [36;1m  rdfind rsync sed tar unzip xz-utils zip zstd libncurses5-dev libc6-dev libjson-perl \[0m
2026-09-26T23:47:03.5545454Z [36;1m  libparse-yapp-perl libxml-parser-perl python3 squashfs-tools kmod xmlstarlet binutils[0m
2026-09-26T23:47:03.5546305Z [36;1mnproc; free -g; df -h /[0m
2026-09-26T23:47:03.5613573Z shell: /usr/bin/bash -e {0}
2026-09-26T23:47:03.5613839Z env:
2026-09-26T23:47:03.5614082Z   CE_COMMIT: cb01a8989c75486ff0cfc7cbab7bcd6c20cfbc7f
2026-09-26T23:47:03.5614453Z   BASE_CD: 23b23cb6b709d53a5b7cb2cc6984f0c4d16bb125
2026-09-26T23:47:03.5614842Z   PATCHED_CD: 48e62bf2932c98e48d18569ff0a1d73e25924eda
2026-09-26T23:47:03.5615173Z   PATCHED_CD_REPO: avrignaud/common_drivers
2026-09-26T23:47:03.5615890Z   OFFICIAL_TAR_URL: https://archive.coreelec.org/Amlogic-no/CE-22/20260926/CoreELEC-Amlogic-no.aarch64-22.0-Piers_nightly_20260926.tar
2026-09-26T23:47:03.5616568Z   RELEASE_TAG: test-hpd-leak-fix-nightly_20260926
2026-09-26T23:47:03.5616868Z   BUILD_UNPATCHED: yes
2026-09-26T23:47:03.5617081Z ##[endgroup]
2026-09-26T23:47:03.6612019Z Get:1 file:/etc/apt/apt-mirrors.txt Mirrorlist [144 B]
2026-09-26T23:47:03.6840228Z Get:6 https://packages.microsoft.com/ubuntu/24.04/prod noble InRelease [3600 B]
2026-09-26T23:47:03.6952853Z Hit:2 http://azure.archive.ubuntu.com/ubuntu noble InRelease
2026-09-26T23:47:03.6955946Z Get:3 http://azure.archive.ubuntu.com/ubuntu noble-updates InRelease [126 kB]
2026-09-26T23:47:03.7003184Z Get:4 http://azure.archive.ubuntu.com/ubuntu noble-backports InRelease [126 kB]
2026-09-26T23:47:03.7043282Z Get:5 http://azure.archive.ubuntu.com/ubuntu noble-security InRelease [126 kB]
2026-09-26T23:47:03.7783537Z Get:7 https://packages.microsoft.com/ubuntu/24.04/prod noble/main arm64 Packages [446 kB]
2026-09-26T23:47:03.7963912Z Get:8 https://packages.microsoft.com/ubuntu/24.04/prod noble/main amd64 Packages [498 kB]
2026-09-26T23:47:03.8856851Z Get:9 http://azure.archive.ubuntu.com/ubuntu noble-updates/main amd64 Packages [1319 kB]
2026-09-26T23:47:03.8932562Z Get:10 http://azure.archive.ubuntu.com/ubuntu noble-updates/main Translation-en [299 kB]
2026-09-26T23:47:03.8949874Z Get:11 http://azure.archive.ubuntu.com/ubuntu noble-updates/main amd64 Components [181 kB]
2026-09-26T23:47:03.8958782Z Get:12 http://azure.archive.ubuntu.com/ubuntu noble-updates/universe amd64 Packages [1697 kB]
2026-09-26T23:47:03.9076573Z Get:13 http://azure.archive.ubuntu.com/ubuntu noble-updates/universe Translation-en [340 kB]
2026-09-26T23:47:03.9085230Z Get:14 http://azure.archive.ubuntu.com/ubuntu noble-updates/universe amd64 Components [388 kB]
2026-09-26T23:47:03.9112630Z Get:15 http://azure.archive.ubuntu.com/ubuntu noble-updates/restricted amd64 Packages [1654 kB]
2026-09-26T23:47:03.9196995Z Get:16 http://azure.archive.ubuntu.com/ubuntu noble-updates/restricted Translation-en [377 kB]
2026-09-26T23:47:03.9222052Z Get:17 http://azure.archive.ubuntu.com/ubuntu noble-updates/multiverse amd64 Components [940 B]
2026-09-26T23:47:03.9464014Z Get:18 http://azure.archive.ubuntu.com/ubuntu noble-backports/main amd64 Packages [40.6 kB]
2026-09-26T23:47:03.9902058Z Get:19 http://azure.archive.ubuntu.com/ubuntu noble-backports/main amd64 Components [5760 B]
2026-09-26T23:47:03.9903582Z Get:20 http://azure.archive.ubuntu.com/ubuntu noble-backports/universe amd64 Packages [31.0 kB]
2026-09-26T23:47:03.9908915Z Get:21 http://azure.archive.ubuntu.com/ubuntu noble-backports/universe Translation-en [18.6 kB]
2026-09-26T23:47:03.9917663Z Get:22 http://azure.archive.ubuntu.com/ubuntu noble-backports/universe amd64 Components [12.6 kB]
2026-09-26T23:47:03.9991696Z Get:23 http://azure.archive.ubuntu.com/ubuntu noble-security/main amd64 Packages [1053 kB]
2026-09-26T23:47:04.0050046Z Get:24 http://azure.archive.ubuntu.com/ubuntu noble-security/main Translation-en [219 kB]
2026-09-26T23:47:04.0064550Z Get:25 http://azure.archive.ubuntu.com/ubuntu noble-security/main amd64 Components [46.5 kB]
2026-09-26T23:47:04.0073185Z Get:26 http://azure.archive.ubuntu.com/ubuntu noble-security/universe amd64 Packages [1220 kB]
2026-09-26T23:47:04.0136666Z Get:27 http://azure.archive.ubuntu.com/ubuntu noble-security/universe Translation-en [245 kB]
2026-09-26T23:47:04.0152704Z Get:28 http://azure.archive.ubuntu.com/ubuntu noble-security/universe amd64 Components [76.3 kB]
2026-09-26T23:47:04.0162850Z Get:29 http://azure.archive.ubuntu.com/ubuntu noble-security/restricted amd64 Packages [1535 kB]
2026-09-26T23:47:04.0240338Z Get:30 http://azure.archive.ubuntu.com/ubuntu noble-security/restricted Translation-en [353 kB]
2026-09-26T23:47:08.2499945Z Fetched 12.4 MB in 1s (9127 kB/s)
2026-09-26T23:47:09.0592187Z Reading package lists...
2026-09-26T23:47:09.0901408Z Reading package lists...
2026-09-26T23:47:09.2796179Z Building dependency tree...
2026-09-26T23:47:09.2803540Z Reading state information...
2026-09-26T23:47:09.4206148Z bash is already the newest version (5.2.21-2ubuntu4).
2026-09-26T23:47:09.4207192Z bc is already the newest version (1.07.1-3ubuntu4).
2026-09-26T23:47:09.4207895Z bc set to manually installed.
2026-09-26T23:47:09.4208521Z bzip2 is already the newest version (1.0.8-5.1ubuntu0.1).
2026-09-26T23:47:09.4209300Z diffutils is already the newest version (1:3.10-1ubuntu0.1).
2026-09-26T23:47:09.4210101Z gawk is already the newest version (1:5.2.1-2ubuntu0.1).
2026-09-26T23:47:09.4211061Z gawk set to manually installed.
2026-09-26T23:47:09.4211577Z gcc is already the newest version (4:13.2.0-7ubuntu1).
2026-09-26T23:47:09.4212138Z g++ is already the newest version (4:13.2.0-7ubuntu1).
2026-09-26T23:47:09.4212743Z gzip is already the newest version (1.12-1ubuntu3.2).
2026-09-26T23:47:09.4213349Z file is already the newest version (1:5.45-3build1).
2026-09-26T23:47:09.4213926Z make is already the newest version (4.3-4.1build2).
2026-09-26T23:47:09.4214492Z patch is already the newest version (2.7.6-7build3).
2026-09-26T23:47:09.4215026Z patch set to manually installed.
2026-09-26T23:47:09.4215532Z perl is already the newest version (5.38.2-3.2ubuntu0.6).
2026-09-26T23:47:09.4216491Z perl set to manually installed.
2026-09-26T23:47:09.4216983Z rsync is already the newest version (3.2.7-1ubuntu1.5).
2026-09-26T23:47:09.4217567Z sed is already the newest version (4.9-2ubuntu0.24.04.1).
2026-09-26T23:47:09.4218108Z sed set to manually installed.
2026-09-26T23:47:09.4218597Z tar is already the newest version (1.35+dfsg-3ubuntu0.4).
2026-09-26T23:47:09.4219198Z unzip is already the newest version (6.0-28ubuntu4.1).
2026-09-26T23:47:09.4219878Z xz-utils is already the newest version (5.6.1+really5.4.5-1ubuntu0.3).
2026-09-26T23:47:09.4220770Z zip is already the newest version (3.0-13ubuntu0.2).
2026-09-26T23:47:09.4221425Z zstd is already the newest version (1.5.5+dfsg2-2build1.1).
2026-09-26T23:47:09.4222068Z zstd set to manually installed.
2026-09-26T23:47:09.4222637Z libncurses-dev is already the newest version (6.4+20240113-1ubuntu2.2).
2026-09-26T23:47:09.4223295Z libncurses-dev set to manually installed.
2026-09-26T23:47:09.4223747Z libc6-dev is already the newest version (2.39-0ubuntu8.9).
2026-09-26T23:47:09.4224085Z libc6-dev set to manually installed.
2026-09-26T23:47:09.4224395Z libjson-perl is already the newest version (4.10000-1).
2026-09-26T23:47:09.4224718Z libjson-perl set to manually installed.
2026-09-26T23:47:09.4225037Z python3 is already the newest version (3.12.3-0ubuntu2.1).
2026-09-26T23:47:09.4225420Z squashfs-tools is already the newest version (1:4.6.1-1build1).
2026-09-26T23:47:09.4225916Z squashfs-tools set to manually installed.
2026-09-26T23:47:09.4226247Z kmod is already the newest version (31+20240202-2ubuntu7.2).
2026-09-26T23:47:09.4226571Z kmod set to manually installed.
2026-09-26T23:47:09.4227083Z binutils is already the newest version (2.42-4ubuntu2.10).
2026-09-26T23:47:09.4227459Z The following additional packages will be installed:
2026-09-26T23:47:09.4227880Z   libcurl3t64-gnutls libcurl4t64 libfile-listing-perl libhtml-tree-perl
2026-09-26T23:47:09.4228366Z   libhttp-cookies-perl libhttp-negotiate-perl libio-socket-ssl-perl
2026-09-26T23:47:09.4228984Z   liblwp-protocol-https-perl libnet-http-perl libnet-ssleay-perl
2026-09-26T23:47:09.4229463Z   libtry-tiny-perl libwww-perl libwww-robotrules-perl perl-openssl-defaults
2026-09-26T23:47:09.4229848Z Suggested packages:
2026-09-26T23:47:09.4230161Z   libcrypt-ssleay-perl libsub-name-perl libauthen-ntlm-perl debhelper
2026-09-26T23:47:09.4230766Z Recommended packages:
2026-09-26T23:47:09.4231149Z   libhtml-format-perl libdata-dump-perl libhtml-form-perl libhttp-daemon-perl
2026-09-26T23:47:09.4231544Z   libmailtools-perl
2026-09-26T23:47:09.4449212Z The following NEW packages will be installed:
2026-09-26T23:47:09.4449983Z   gperf libfile-listing-perl libhtml-tree-perl libhttp-cookies-perl
2026-09-26T23:47:09.4451086Z   libhttp-negotiate-perl libio-socket-ssl-perl liblwp-protocol-https-perl
2026-09-26T23:47:09.4452793Z   libnet-http-perl libnet-ssleay-perl libparse-yapp-perl libtry-tiny-perl
2026-09-26T23:47:09.4454463Z   libwww-perl libwww-robotrules-perl libxml-parser-perl lzop patchutils
2026-09-26T23:47:09.4456473Z   perl-openssl-defaults rdfind xmlstarlet
2026-09-26T23:47:09.4459336Z The following packages will be upgraded:
2026-09-26T23:47:09.4465155Z   curl libcurl3t64-gnutls libcurl4t64
2026-09-26T23:47:09.4631356Z 3 upgraded, 19 newly installed, 0 to remove and 29 not upgraded.
2026-09-26T23:47:09.4631970Z Need to get 2627 kB of archives.
2026-09-26T23:47:09.5537491Z After this operation, 5345 kB of additional disk space will be used.
2026-09-26T23:47:09.5538122Z Get:1 file:/etc/apt/apt-mirrors.txt Mirrorlist [144 B]
2026-09-26T23:47:09.5538898Z Get:2 http://azure.archive.ubuntu.com/ubuntu noble-updates/main amd64 curl amd64 8.5.0-2ubuntu10.15 [227 kB]
2026-09-26T23:47:09.6308882Z Get:3 http://azure.archive.ubuntu.com/ubuntu noble-updates/main amd64 libcurl4t64 amd64 8.5.0-2ubuntu10.15 [343 kB]
2026-09-26T23:47:09.7085212Z Get:4 http://azure.archive.ubuntu.com/ubuntu noble/universe amd64 gperf amd64 3.1-1build1 [103 kB]
2026-09-26T23:47:09.7843544Z Get:5 http://azure.archive.ubuntu.com/ubuntu noble-updates/main amd64 libcurl3t64-gnutls amd64 8.5.0-2ubuntu10.15 [336 kB]
2026-09-26T23:47:09.8619536Z Get:6 http://azure.archive.ubuntu.com/ubuntu noble/main amd64 libfile-listing-perl all 6.16-1 [11.3 kB]
2026-09-26T23:47:09.9372427Z Get:7 http://azure.archive.ubuntu.com/ubuntu noble/main amd64 libhtml-tree-perl all 5.07-3 [200 kB]
2026-09-26T23:47:10.0137141Z Get:8 http://azure.archive.ubuntu.com/ubuntu noble/main amd64 libhttp-cookies-perl all 6.11-1 [18.2 kB]
2026-09-26T23:47:10.0890006Z Get:9 http://azure.archive.ubuntu.com/ubuntu noble/main amd64 libhttp-negotiate-perl all 6.01-2 [12.4 kB]
2026-09-26T23:47:10.1642512Z Get:10 http://azure.archive.ubuntu.com/ubuntu noble/main amd64 perl-openssl-defaults amd64 7build3 [6626 B]
2026-09-26T23:47:10.2396911Z Get:11 http://azure.archive.ubuntu.com/ubuntu noble/main amd64 libnet-ssleay-perl amd64 1.94-1build4 [316 kB]
2026-09-26T23:47:10.3169697Z Get:12 http://azure.archive.ubuntu.com/ubuntu noble/main amd64 libio-socket-ssl-perl all 2.085-1 [195 kB]
2026-09-26T23:47:10.3932748Z Get:13 http://azure.archive.ubuntu.com/ubuntu noble/main amd64 libnet-http-perl all 6.23-1 [22.3 kB]
2026-09-26T23:47:10.4687503Z Get:14 http://azure.archive.ubuntu.com/ubuntu noble/main amd64 libtry-tiny-perl all 0.31-2 [20.8 kB]
2026-09-26T23:47:10.5438848Z Get:15 http://azure.archive.ubuntu.com/ubuntu noble/main amd64 libwww-robotrules-perl all 6.02-1 [12.6 kB]
2026-09-26T23:47:10.6191964Z Get:16 http://azure.archive.ubuntu.com/ubuntu noble-updates/main amd64 libwww-perl all 6.76-1ubuntu0.1 [139 kB]
2026-09-26T23:47:10.6950219Z Get:17 http://azure.archive.ubuntu.com/ubuntu noble/main amd64 liblwp-protocol-https-perl all 6.13-1 [9006 B]
2026-09-26T23:47:10.7702337Z Get:18 http://azure.archive.ubuntu.com/ubuntu noble/universe amd64 libparse-yapp-perl all 1.21-3 [38.0 kB]
2026-09-26T23:47:10.8455794Z Get:19 http://azure.archive.ubuntu.com/ubuntu noble-updates/main amd64 libxml-parser-perl amd64 2.47-1ubuntu0.24.04.1 [204 kB]
2026-09-26T23:47:10.9232411Z Get:20 http://azure.archive.ubuntu.com/ubuntu noble/main amd64 lzop amd64 1.04-2build3 [82.2 kB]
2026-09-26T23:47:10.9993484Z Get:21 http://azure.archive.ubuntu.com/ubuntu noble/main amd64 patchutils amd64 0.4.2-1build3 [77.0 kB]
2026-09-26T23:47:11.0752653Z Get:22 http://azure.archive.ubuntu.com/ubuntu noble/universe amd64 xmlstarlet amd64 1.6.1-4 [213 kB]
2026-09-26T23:47:11.1517033Z Get:23 http://azure.archive.ubuntu.com/ubuntu noble/universe amd64 rdfind amd64 1.6.0-1build3 [40.7 kB]
2026-09-26T23:47:11.4023210Z Fetched 2627 kB in 2s (1546 kB/s)
2026-09-26T23:47:11.4576162Z (Reading database ... 
2026-09-26T23:47:11.4576521Z (Reading database ... 5%
2026-09-26T23:47:11.4576793Z (Reading database ... 10%
2026-09-26T23:47:11.4577020Z (Reading database ... 15%
2026-09-26T23:47:11.4577232Z (Reading database ... 20%
2026-09-26T23:47:11.4577442Z (Reading database ... 25%
2026-09-26T23:47:11.4578364Z (Reading database ... 30%
2026-09-26T23:47:11.4578611Z (Reading database ... 35%
2026-09-26T23:47:11.4578842Z (Reading database ... 40%
2026-09-26T23:47:11.4579050Z (Reading database ... 45%
2026-09-26T23:47:11.4579350Z (Reading database ... 50%
2026-09-26T23:47:11.4649562Z (Reading database ... 55%
2026-09-26T23:47:11.5786149Z (Reading database ... 60%
2026-09-26T23:47:11.7309624Z (Reading database ... 65%
2026-09-26T23:47:11.9694877Z (Reading database ... 70%
2026-09-26T23:47:12.1352103Z (Reading database ... 75%
2026-09-26T23:47:12.2866616Z (Reading database ... 80%
2026-09-26T23:47:12.4899157Z (Reading database ... 85%
2026-09-26T23:47:12.6462727Z (Reading database ... 90%
2026-09-26T23:47:12.7992095Z (Reading database ... 95%
2026-09-26T23:47:12.7992496Z (Reading database ... 100%
2026-09-26T23:47:12.7992951Z (Reading database ... 202190 files and directories currently installed.)
2026-09-26T23:47:12.8033113Z Preparing to unpack .../00-curl_8.5.0-2ubuntu10.15_amd64.deb ...
2026-09-26T23:47:12.8069317Z Unpacking curl (8.5.0-2ubuntu10.15) over (8.5.0-2ubuntu10.13) ...
2026-09-26T23:47:12.8473988Z Preparing to unpack .../01-libcurl4t64_8.5.0-2ubuntu10.15_amd64.deb ...
2026-09-26T23:47:12.8506497Z Unpacking libcurl4t64:amd64 (8.5.0-2ubuntu10.15) over (8.5.0-2ubuntu10.13) ...
2026-09-26T23:47:12.8757859Z Selecting previously unselected package gperf.
2026-09-26T23:47:12.8885051Z Preparing to unpack .../02-gperf_3.1-1build1_amd64.deb ...
2026-09-26T23:47:12.8891856Z Unpacking gperf (3.1-1build1) ...
2026-09-26T23:47:12.9302051Z Preparing to unpack .../03-libcurl3t64-gnutls_8.5.0-2ubuntu10.15_amd64.deb ...
2026-09-26T23:47:12.9783493Z Unpacking libcurl3t64-gnutls:amd64 (8.5.0-2ubuntu10.15) over (8.5.0-2ubuntu10.13) ...
2026-09-26T23:47:13.0112120Z Selecting previously unselected package libfile-listing-perl.
2026-09-26T23:47:13.0239493Z Preparing to unpack .../04-libfile-listing-perl_6.16-1_all.deb ...
2026-09-26T23:47:13.0246392Z Unpacking libfile-listing-perl (6.16-1) ...
2026-09-26T23:47:13.0445739Z Selecting previously unselected package libhtml-tree-perl.
2026-09-26T23:47:13.0578238Z Preparing to unpack .../05-libhtml-tree-perl_5.07-3_all.deb ...
2026-09-26T23:47:13.0587861Z Unpacking libhtml-tree-perl (5.07-3) ...
2026-09-26T23:47:13.1872172Z Selecting previously unselected package libhttp-cookies-perl.
2026-09-26T23:47:13.1994779Z Preparing to unpack .../06-libhttp-cookies-perl_6.11-1_all.deb ...
2026-09-26T23:47:13.2001998Z Unpacking libhttp-cookies-perl (6.11-1) ...
2026-09-26T23:47:13.2249206Z Selecting previously unselected package libhttp-negotiate-perl.
2026-09-26T23:47:13.2371906Z Preparing to unpack .../07-libhttp-negotiate-perl_6.01-2_all.deb ...
2026-09-26T23:47:13.2378352Z Unpacking libhttp-negotiate-perl (6.01-2) ...
2026-09-26T23:47:13.2580189Z Selecting previously unselected package perl-openssl-defaults:amd64.
2026-09-26T23:47:13.2702528Z Preparing to unpack .../08-perl-openssl-defaults_7build3_amd64.deb ...
2026-09-26T23:47:13.2709235Z Unpacking perl-openssl-defaults:amd64 (7build3) ...
2026-09-26T23:47:13.2928809Z Selecting previously unselected package libnet-ssleay-perl:amd64.
2026-09-26T23:47:13.3052750Z Preparing to unpack .../09-libnet-ssleay-perl_1.94-1build4_amd64.deb ...
2026-09-26T23:47:13.3060795Z Unpacking libnet-ssleay-perl:amd64 (1.94-1build4) ...
2026-09-26T23:47:13.3445788Z Selecting previously unselected package libio-socket-ssl-perl.
2026-09-26T23:47:13.3570230Z Preparing to unpack .../10-libio-socket-ssl-perl_2.085-1_all.deb ...
2026-09-26T23:47:13.3576839Z Unpacking libio-socket-ssl-perl (2.085-1) ...
2026-09-26T23:47:13.3836150Z Selecting previously unselected package libnet-http-perl.
2026-09-26T23:47:13.3960033Z Preparing to unpack .../11-libnet-http-perl_6.23-1_all.deb ...
2026-09-26T23:47:13.3967205Z Unpacking libnet-http-perl (6.23-1) ...
2026-09-26T23:47:13.4173002Z Selecting previously unselected package libtry-tiny-perl.
2026-09-26T23:47:13.4296202Z Preparing to unpack .../12-libtry-tiny-perl_0.31-2_all.deb ...
2026-09-26T23:47:13.4302779Z Unpacking libtry-tiny-perl (0.31-2) ...
2026-09-26T23:47:13.4495316Z Selecting previously unselected package libwww-robotrules-perl.
2026-09-26T23:47:13.4620766Z Preparing to unpack .../13-libwww-robotrules-perl_6.02-1_all.deb ...
2026-09-26T23:47:13.4628375Z Unpacking libwww-robotrules-perl (6.02-1) ...
2026-09-26T23:47:13.4842211Z Selecting previously unselected package libwww-perl.
2026-09-26T23:47:13.4966681Z Preparing to unpack .../14-libwww-perl_6.76-1ubuntu0.1_all.deb ...
2026-09-26T23:47:13.4976498Z Unpacking libwww-perl (6.76-1ubuntu0.1) ...
2026-09-26T23:47:13.5334924Z Selecting previously unselected package liblwp-protocol-https-perl.
2026-09-26T23:47:13.5462194Z Preparing to unpack .../15-liblwp-protocol-https-perl_6.13-1_all.deb ...
2026-09-26T23:47:13.5467798Z Unpacking liblwp-protocol-https-perl (6.13-1) ...
2026-09-26T23:47:13.5656158Z Selecting previously unselected package libparse-yapp-perl.
2026-09-26T23:47:13.5782865Z Preparing to unpack .../16-libparse-yapp-perl_1.21-3_all.deb ...
2026-09-26T23:47:13.5790253Z Unpacking libparse-yapp-perl (1.21-3) ...
2026-09-26T23:47:13.5997396Z Selecting previously unselected package libxml-parser-perl.
2026-09-26T23:47:13.6120411Z Preparing to unpack .../17-libxml-parser-perl_2.47-1ubuntu0.24.04.1_amd64.deb ...
2026-09-26T23:47:13.6127442Z Unpacking libxml-parser-perl (2.47-1ubuntu0.24.04.1) ...
2026-09-26T23:47:13.6478572Z Selecting previously unselected package lzop.
2026-09-26T23:47:13.6603516Z Preparing to unpack .../18-lzop_1.04-2build3_amd64.deb ...
2026-09-26T23:47:13.6610211Z Unpacking lzop (1.04-2build3) ...
2026-09-26T23:47:13.6819939Z Selecting previously unselected package patchutils.
2026-09-26T23:47:13.6944640Z Preparing to unpack .../19-patchutils_0.4.2-1build3_amd64.deb ...
2026-09-26T23:47:13.6952361Z Unpacking patchutils (0.4.2-1build3) ...
2026-09-26T23:47:13.7207895Z Selecting previously unselected package xmlstarlet.
2026-09-26T23:47:13.7330734Z Preparing to unpack .../20-xmlstarlet_1.6.1-4_amd64.deb ...
2026-09-26T23:47:13.7338848Z Unpacking xmlstarlet (1.6.1-4) ...
2026-09-26T23:47:13.7948178Z Selecting previously unselected package rdfind.
2026-09-26T23:47:13.8071995Z Preparing to unpack .../21-rdfind_1.6.0-1build3_amd64.deb ...
2026-09-26T23:47:13.8078444Z Unpacking rdfind (1.6.0-1build3) ...
2026-09-26T23:47:13.8506880Z Setting up libhttp-negotiate-perl (6.01-2) ...
2026-09-26T23:47:13.8532952Z Setting up libfile-listing-perl (6.16-1) ...
2026-09-26T23:47:13.8549436Z Setting up libparse-yapp-perl (1.21-3) ...
2026-09-26T23:47:13.8568772Z Setting up libcurl4t64:amd64 (8.5.0-2ubuntu10.15) ...
2026-09-26T23:47:13.8597523Z Setting up libhttp-cookies-perl (6.11-1) ...
2026-09-26T23:47:13.8615906Z Setting up libhtml-tree-perl (5.07-3) ...
2026-09-26T23:47:13.8630864Z Setting up rdfind (1.6.0-1build3) ...
2026-09-26T23:47:13.8645698Z Setting up libtry-tiny-perl (0.31-2) ...
2026-09-26T23:47:13.8661615Z Setting up libcurl3t64-gnutls:amd64 (8.5.0-2ubuntu10.15) ...
2026-09-26T23:47:13.8677190Z Setting up perl-openssl-defaults:amd64 (7build3) ...
2026-09-26T23:47:13.8693998Z Setting up libnet-http-perl (6.23-1) ...
2026-09-26T23:47:13.8710890Z Setting up gperf (3.1-1build1) ...
2026-09-26T23:47:13.8727521Z Setting up patchutils (0.4.2-1build3) ...
2026-09-26T23:47:13.8781100Z Setting up xmlstarlet (1.6.1-4) ...
2026-09-26T23:47:13.8809790Z Setting up libwww-robotrules-perl (6.02-1) ...
2026-09-26T23:47:13.8834251Z Setting up lzop (1.04-2build3) ...
2026-09-26T23:47:13.8866749Z Setting up curl (8.5.0-2ubuntu10.15) ...
2026-09-26T23:47:13.8885421Z Setting up libnet-ssleay-perl:amd64 (1.94-1build4) ...
2026-09-26T23:47:13.8905549Z Setting up libio-socket-ssl-perl (2.085-1) ...
2026-09-26T23:47:13.8934644Z Setting up liblwp-protocol-https-perl (6.13-1) ...
2026-09-26T23:47:13.8957816Z Setting up libwww-perl (6.76-1ubuntu0.1) ...
2026-09-26T23:47:13.8978435Z Setting up libxml-parser-perl (2.47-1ubuntu0.24.04.1) ...
2026-09-26T23:47:13.8998930Z Processing triggers for libc-bin (2.39-0ubuntu8.9) ...
2026-09-26T23:47:13.9359464Z Processing triggers for man-db (2.12.0-4build2) ...
2026-09-26T23:47:13.9382267Z Not building database; man-db/auto-update is not 'true'.
2026-09-26T23:47:13.9392904Z Processing triggers for install-info (7.1-3build2) ...
2026-09-26T23:47:14.8901956Z 
2026-09-26T23:47:14.8902568Z Running kernel seems to be up-to-date.
2026-09-26T23:47:14.8902853Z 
2026-09-26T23:47:14.8902961Z Restarting services...
2026-09-26T23:47:14.9078695Z  systemctl restart packagekit.service php8.3-fpm.service
2026-09-26T23:47:15.0103423Z 
2026-09-26T23:47:15.0104626Z No containers need to be restarted.
2026-09-26T23:47:15.0105002Z 
2026-09-26T23:47:15.0105312Z No user sessions are running outdated binaries.
2026-09-26T23:47:15.0105750Z 
2026-09-26T23:47:15.0106299Z No VM guests are running outdated hypervisor (qemu) binaries on this host.
2026-09-26T23:47:15.8553644Z 4
2026-09-26T23:47:15.8570240Z                total        used        free      shared  buff/cache   available
2026-09-26T23:47:15.8572487Z Mem:              15           1          11           0           3          14
2026-09-26T23:47:15.8572836Z Swap:              2           0           2
2026-09-26T23:47:15.8583653Z Filesystem      Size  Used Avail Use% Mounted on
2026-09-26T23:47:15.8584203Z /dev/root       145G   35G  110G  25% /
2026-09-26T23:47:15.8619403Z ##[group]Run mkdir -p "$RUNNER_TEMP/work"
2026-09-26T23:47:15.8619767Z [36;1mmkdir -p "$RUNNER_TEMP/work"[0m
2026-09-26T23:47:15.8620198Z [36;1mWORK="$RUNNER_TEMP/work" OUT="$GITHUB_WORKSPACE/out" bash ci/build-test-kernel.sh[0m
2026-09-26T23:47:15.8683391Z shell: /usr/bin/bash -e {0}
2026-09-26T23:47:15.8683632Z env:
2026-09-26T23:47:15.8683879Z   CE_COMMIT: cb01a8989c75486ff0cfc7cbab7bcd6c20cfbc7f
2026-09-26T23:47:15.8684232Z   BASE_CD: 23b23cb6b709d53a5b7cb2cc6984f0c4d16bb125
2026-09-26T23:47:15.8684586Z   PATCHED_CD: 48e62bf2932c98e48d18569ff0a1d73e25924eda
2026-09-26T23:47:15.8684913Z   PATCHED_CD_REPO: avrignaud/common_drivers
2026-09-26T23:47:15.8685542Z   OFFICIAL_TAR_URL: https://archive.coreelec.org/Amlogic-no/CE-22/20260926/CoreELEC-Amlogic-no.aarch64-22.0-Piers_nightly_20260926.tar
2026-09-26T23:47:15.8686180Z   RELEASE_TAG: test-hpd-leak-fix-nightly_20260926
2026-09-26T23:47:15.8686485Z   BUILD_UNPATCHED: yes
2026-09-26T23:47:15.8686692Z ##[endgroup]
2026-09-26T23:47:15.8827367Z 
2026-09-26T23:47:15.8828304Z === official nightly: https://archive.coreelec.org/Amlogic-no/CE-22/20260926/CoreELEC-Amlogic-no.aarch64-22.0-Piers_nightly_20260926.tar  [23:47:15Z]
2026-09-26T23:49:43.3045484Z target/KERNEL: OK
2026-09-26T23:49:43.9163104Z target/SYSTEM: OK
2026-09-26T23:49:43.9192696Z 
2026-09-26T23:49:43.9193116Z === official KERNEL boot image  [23:49:43Z]
2026-09-26T23:49:43.9467341Z boot image: total=24287232 page=2048 hdr_ver=0 os_ver=0x0 name='' cmdline=''
2026-09-26T23:49:43.9467979Z   kernel @0x2000000  ramdisk @0x1000000  second @0xf00000  tags @0x100
2026-09-26T23:49:43.9468640Z   kernel=16974650 bytes (head 894c5a4f)
2026-09-26T23:49:43.9468991Z   ramdisk=7308290 bytes (head 28b52ffd)
2026-09-26T23:49:44.3381010Z official: Linux version 5.15.196 (docker@2cbe31e1f425) (Android (10087095, +pgo, +bolt, +lto, -mlgo, based on r487747c) clang version 17.0.2 (https://android.googlesource.com/toolchain/llvm-project d9f89f4d16663d5012e5c09495f3b30ece3d2362), LLD 17.0.2) #1 SMP PREEMPT Sat Sep 26 01:32:28 IDT 2026
2026-09-26T23:49:44.3394172Z 
2026-09-26T23:49:44.3394354Z === official modules (unsquashfs)  [23:49:44Z]
2026-09-26T23:49:44.5181403Z official modules: /home/runner/work/_temp/work/official-sys/usr/lib/kernel-overlays/base/lib/modules/5.15.196 (903 .ko)
2026-09-26T23:49:44.5217784Z 
2026-09-26T23:49:44.5218136Z === CoreELEC cb01a8989c75486ff0cfc7cbab7bcd6c20cfbc7f  [23:49:44Z]
2026-09-26T23:50:00.1110329Z projects/Amlogic-ce/packages/linux/package.mk:PKG_VERSION="69e87fa40cc3a04bf91d92e388d2787a2efcb50c"
2026-09-26T23:50:00.1111480Z projects/Amlogic-ce/packages/linux-drivers/amlogic/common_drivers/package.mk:PKG_VERSION="23b23cb6b709d53a5b7cb2cc6984f0c4d16bb125"
2026-09-26T23:50:00.1112337Z projects/Amlogic-ce/packages/lang/clang/package.mk:PKG_VERSION="r487747c"
2026-09-26T23:50:00.4359225Z **** This system lacks the following tools needed to build  ****
2026-09-26T23:50:00.4359917Z mkfontdir provided by xfonts-utils
2026-09-26T23:50:00.4360358Z mkfontscale provided by xfonts-utils
2026-09-26T23:50:00.4361042Z xsltproc provided by xsltproc
2026-09-26T23:50:00.4361436Z bdftopcf provided by xfonts-utils
2026-09-26T23:50:00.4361883Z **** The system appears to be a ubuntu system ****
2026-09-26T23:50:00.4555496Z Reading package lists...
2026-09-26T23:50:00.6361978Z Building dependency tree...
2026-09-26T23:50:00.6369525Z Reading state information...
2026-09-26T23:50:00.7776330Z The following additional packages will be installed:
2026-09-26T23:50:00.7776864Z   xfonts-encodings
2026-09-26T23:50:00.7906372Z The following NEW packages will be installed:
2026-09-26T23:50:00.7906861Z   xfonts-encodings xfonts-utils xsltproc
2026-09-26T23:50:00.8067149Z 0 upgraded, 3 newly installed, 0 to remove and 29 not upgraded.
2026-09-26T23:50:00.8067825Z Need to get 688 kB of archives.
2026-09-26T23:50:00.8068414Z After this operation, 1205 kB of additional disk space will be used.
2026-09-26T23:50:00.8069542Z Get:1 file:/etc/apt/apt-mirrors.txt Mirrorlist [144 B]
2026-09-26T23:50:00.9592379Z Get:2 http://azure.archive.ubuntu.com/ubuntu noble/main amd64 xfonts-encodings all 1:1.0.5-0ubuntu2 [578 kB]
2026-09-26T23:50:01.1354663Z Get:3 http://azure.archive.ubuntu.com/ubuntu noble/main amd64 xfonts-utils amd64 1:7.7+6build3 [94.4 kB]
2026-09-26T23:50:01.2772600Z Get:4 http://azure.archive.ubuntu.com/ubuntu noble-updates/main amd64 xsltproc amd64 1.1.39-0exp1ubuntu0.24.04.3 [15.0 kB]
2026-09-26T23:50:01.5132323Z Fetched 688 kB in 0s (1430 kB/s)
2026-09-26T23:50:01.5383938Z Selecting previously unselected package xfonts-encodings.
2026-09-26T23:50:01.5440859Z (Reading database ... 
2026-09-26T23:50:01.5441580Z (Reading database ... 5%
2026-09-26T23:50:01.5442209Z (Reading database ... 10%
2026-09-26T23:50:01.5442651Z (Reading database ... 15%
2026-09-26T23:50:01.5443066Z (Reading database ... 20%
2026-09-26T23:50:01.5443359Z (Reading database ... 25%
2026-09-26T23:50:01.5443649Z (Reading database ... 30%
2026-09-26T23:50:01.5443913Z (Reading database ... 35%
2026-09-26T23:50:01.5444185Z (Reading database ... 40%
2026-09-26T23:50:01.5444444Z (Reading database ... 45%
2026-09-26T23:50:01.5444705Z (Reading database ... 50%
2026-09-26T23:50:01.5460227Z (Reading database ... 55%
2026-09-26T23:50:01.5569455Z (Reading database ... 60%
2026-09-26T23:50:01.5598736Z (Reading database ... 65%
2026-09-26T23:50:01.5622543Z (Reading database ... 70%
2026-09-26T23:50:01.5661792Z (Reading database ... 75%
2026-09-26T23:50:01.5687326Z (Reading database ... 80%
2026-09-26T23:50:01.5716513Z (Reading database ... 85%
2026-09-26T23:50:01.5921690Z (Reading database ... 90%
2026-09-26T23:50:01.6157385Z (Reading database ... 95%
2026-09-26T23:50:01.6157821Z (Reading database ... 100%
2026-09-26T23:50:01.6158356Z (Reading database ... 202888 files and directories currently installed.)
2026-09-26T23:50:01.6200726Z Preparing to unpack .../xfonts-encodings_1%3a1.0.5-0ubuntu2_all.deb ...
2026-09-26T23:50:01.6208447Z Unpacking xfonts-encodings (1:1.0.5-0ubuntu2) ...
2026-09-26T23:50:01.6514989Z Selecting previously unselected package xfonts-utils.
2026-09-26T23:50:01.6638786Z Preparing to unpack .../xfonts-utils_1%3a7.7+6build3_amd64.deb ...
2026-09-26T23:50:01.6646764Z Unpacking xfonts-utils (1:7.7+6build3) ...
2026-09-26T23:50:01.7004326Z Selecting previously unselected package xsltproc.
2026-09-26T23:50:01.7128819Z Preparing to unpack .../xsltproc_1.1.39-0exp1ubuntu0.24.04.3_amd64.deb ...
2026-09-26T23:50:01.7137353Z Unpacking xsltproc (1.1.39-0exp1ubuntu0.24.04.3) ...
2026-09-26T23:50:01.7508516Z Setting up xsltproc (1.1.39-0exp1ubuntu0.24.04.3) ...
2026-09-26T23:50:01.7526514Z Setting up xfonts-encodings (1:1.0.5-0ubuntu2) ...
2026-09-26T23:50:01.7544270Z Setting up xfonts-utils (1:7.7+6build3) ...
2026-09-26T23:50:01.7586867Z Processing triggers for fontconfig (2.15.0-1.1ubuntu2) ...
2026-09-26T23:50:01.8337634Z Processing triggers for man-db (2.12.0-4build2) ...
2026-09-26T23:50:01.8353386Z Not building database; man-db/auto-update is not 'true'.
2026-09-26T23:50:02.3684396Z 
2026-09-26T23:50:02.3686892Z Running kernel seems to be up-to-date.
2026-09-26T23:50:02.3687325Z 
2026-09-26T23:50:02.3687460Z No services need to be restarted.
2026-09-26T23:50:02.3687698Z 
2026-09-26T23:50:02.3687827Z No containers need to be restarted.
2026-09-26T23:50:02.3688085Z 
2026-09-26T23:50:02.3688235Z No user sessions are running outdated binaries.
2026-09-26T23:50:02.3688539Z 
2026-09-26T23:50:02.3688799Z No VM guests are running outdated hypervisor (qemu) binaries on this host.
2026-09-26T23:50:03.3399066Z yes: standard output: Broken pipe
2026-09-26T23:50:03.3416598Z 
2026-09-26T23:50:03.3417026Z === build linux (unpatched)  [23:50:03Z]
2026-09-26T23:51:04.1614234Z **********************************************************************
2026-09-26T23:51:04.1614955Z ***                                                                ***
2026-09-26T23:51:04.1615758Z ***   OpenSSL has been successfully configured                     ***
2026-09-26T23:51:04.1616948Z ***                                                                ***
2026-09-26T23:51:04.1617769Z ***   If you encounter a problem while building, please open an    ***
2026-09-26T23:51:04.1618354Z ***   issue on GitHub <https://github.com/openssl/openssl/issues>  ***
2026-09-26T23:51:04.1618839Z ***   and include the output from the following command:           ***
2026-09-26T23:51:04.1619184Z ***                                                                ***
2026-09-26T23:51:04.1619560Z ***       perl configdata.pm --dump                                ***
2026-09-26T23:51:04.1619912Z ***                                                                ***
2026-09-26T23:51:04.1620272Z ***   (If you are new to OpenSSL, you might want to consult the    ***
2026-09-26T23:51:04.1621184Z ***   'Troubleshooting' section in the INSTALL.md file first)      ***
2026-09-26T23:51:04.1621828Z ***                                                                ***
2026-09-26T23:51:04.1622391Z **********************************************************************
2026-09-26T23:53:43.4436637Z *** Installing runtime libraries
2026-09-26T23:53:43.4554502Z *** Installing development files
2026-09-26T23:53:43.4587340Z *** Installing engines
2026-09-26T23:53:43.4595533Z *** Installing modules
2026-09-26T23:53:43.4601107Z *** Installing runtime programs
2026-09-27T00:05:37.3381812Z -- Installing: /home/runner/work/_temp/work/ce/build.CoreELEC-Amlogic-no.aarch64-22/toolchain/share/cmake-4.4/Help/envvar/CTEST_OUTPUT_ON_FAILURE.rst
2026-09-27T00:14:26.6274293Z groff: fatal error: cannot load 'DESC' description file for device 'html' (try installing the 'groff' package?)
2026-09-27T00:14:30.4085359Z groff: fatal error: cannot load 'DESC' description file for device 'html' (try installing the 'groff' package?)
2026-09-27T00:15:29.8823252Z curl: (22) The requested URL returned error: 400
2026-09-27T00:15:31.3629066Z curl: (22) The requested URL returned error: 404
2026-09-27T00:20:01.6227237Z         ********************************************************************************
2026-09-27T00:20:01.6227948Z         ********************************************************************************
2026-09-27T00:20:01.6228549Z         ********************************************************************************
2026-09-27T00:20:01.6229134Z         ********************************************************************************
2026-09-27T00:20:01.6229509Z         ********************************************************************************
2026-09-27T00:20:01.6229859Z         ********************************************************************************
2026-09-27T00:20:01.6230205Z         ********************************************************************************
2026-09-27T00:20:01.6230698Z         ********************************************************************************
2026-09-27T00:20:01.6231261Z         ********************************************************************************
2026-09-27T00:20:01.6231608Z         ********************************************************************************
2026-09-27T00:20:01.6231938Z         ********************************************************************************
2026-09-27T00:20:01.6232274Z         ********************************************************************************
2026-09-27T00:20:01.6232599Z         ********************************************************************************
2026-09-27T00:20:01.6232927Z         ********************************************************************************
2026-09-27T00:20:01.6233258Z         ********************************************************************************
2026-09-27T00:20:01.6233583Z         ********************************************************************************
2026-09-27T00:20:01.6233908Z         ********************************************************************************
2026-09-27T00:20:01.6234235Z         ********************************************************************************
2026-09-27T00:20:01.6236978Z         ********************************************************************************
2026-09-27T00:20:01.6237626Z         ********************************************************************************
2026-09-27T00:20:04.3256733Z         ********************************************************************************
2026-09-27T00:20:04.3257179Z         ********************************************************************************
2026-09-27T00:21:37.1309785Z   INSTALL dest/include
2026-09-27T00:27:55.9854909Z curl: (22) The requested URL returned error: 404
2026-09-27T00:27:56.3566685Z curl: (22) The requested URL returned error: 404
2026-09-27T00:30:04.6905778Z curl: (22) The requested URL returned error: 404
2026-09-27T00:30:05.0592127Z curl: (22) The requested URL returned error: 404
2026-09-27T00:32:13.5041093Z curl: (22) The requested URL returned error: 404
2026-09-27T00:32:13.8633998Z curl: (22) The requested URL returned error: 404
2026-09-27T00:34:21.9192975Z curl: (22) The requested URL returned error: 404
2026-09-27T00:34:22.2852996Z curl: (22) The requested URL returned error: 404
2026-09-27T00:36:30.3460859Z curl: (22) The requested URL returned error: 404
2026-09-27T00:36:30.7067772Z curl: (22) The requested URL returned error: 404
2026-09-27T00:38:38.7894462Z curl: (22) The requested URL returned error: 404
2026-09-27T00:38:39.1493529Z curl: (22) The requested URL returned error: 404
2026-09-27T00:40:47.5054431Z curl: (22) The requested URL returned error: 404
2026-09-27T00:40:47.8834161Z curl: (22) The requested URL returned error: 404
2026-09-27T00:42:55.9752789Z curl: (22) The requested URL returned error: 404
2026-09-27T00:42:56.3541904Z curl: (22) The requested URL returned error: 404
2026-09-27T00:45:04.6032177Z curl: (22) The requested URL returned error: 404
2026-09-27T00:45:04.9643385Z curl: (22) The requested URL returned error: 404
2026-09-27T00:47:13.5166400Z curl: (22) The requested URL returned error: 404
2026-09-27T00:47:13.8855418Z curl: (22) The requested URL returned error: 404
2026-09-27T00:47:13.8868486Z *********** FAILED COMMAND ***********
2026-09-27T00:47:13.8868930Z **************************************
2026-09-27T00:47:13.8874137Z *********** FAILED COMMAND ***********
2026-09-27T00:47:13.8874502Z **************************************
2026-09-27T00:47:13.8879242Z *********** FAILED COMMAND ***********
2026-09-27T00:47:13.8879627Z **************************************
2026-09-27T00:47:13.8884228Z *********** FAILED COMMAND ***********
2026-09-27T00:47:13.8884672Z **************************************
2026-09-27T00:47:13.8888867Z *********** FAILED COMMAND ***********
2026-09-27T00:47:13.8889309Z **************************************
2026-09-27T00:47:13.8894314Z *********** FAILED COMMAND ***********
2026-09-27T00:47:13.8894737Z **************************************
2026-09-27T00:47:13.8921444Z Warning: Problem : timeout. Will retry in 1 seconds. 3 retries left.
2026-09-27T00:47:13.8922023Z 
2026-09-27T00:47:13.8922267Z   0     0    0     0    0     0      0      0 --:--:-- --:--:-- --:--:--     0
2026-09-27T00:47:13.8922908Z   0     0    0     0    0     0      0      0 --:--:--  0:00:01 --:--:--     0
2026-09-27T00:47:13.8923552Z   0     0    0     0    0     0      0      0 --:--:--  0:00:02 --:--:--     0
2026-09-27T00:47:13.8924132Z   0     0    0     0    0     0      0      0 --:--:--  0:00:03 --:--:--     0
2026-09-27T00:47:13.8924740Z   0     0    0     0    0     0      0      0 --:--:--  0:00:04 --:--:--     0
2026-09-27T00:47:13.8925316Z   0     0    0     0    0     0      0      0 --:--:--  0:00:05 --:--:--     0
2026-09-27T00:47:13.8925901Z   0     0    0     0    0     0      0      0 --:--:--  0:00:06 --:--:--     0
2026-09-27T00:47:13.8926469Z   0     0    0     0    0     0      0      0 --:--:--  0:00:07 --:--:--     0
2026-09-27T00:47:13.8927040Z   0     0    0     0    0     0      0      0 --:--:--  0:00:08 --:--:--     0
2026-09-27T00:47:13.8927619Z   0     0    0     0    0     0      0      0 --:--:--  0:00:09 --:--:--     0
2026-09-27T00:47:13.8928791Z   0     0    0     0    0     0      0      0 --:--:--  0:00:10 --:--:--     0
2026-09-27T00:47:13.8929159Z   0     0    0     0    0     0      0      0 --:--:--  0:00:11 --:--:--     0
2026-09-27T00:47:13.8929504Z   0     0    0     0    0     0      0      0 --:--:--  0:00:12 --:--:--     0
2026-09-27T00:47:13.8929855Z   0     0    0     0    0     0      0      0 --:--:--  0:00:13 --:--:--     0
2026-09-27T00:47:13.8930181Z   0     0    0     0    0     0      0      0 --:--:--  0:00:14 --:--:--     0
2026-09-27T00:47:13.8930818Z   0     0    0     0    0     0      0      0 --:--:--  0:00:15 --:--:--     0
2026-09-27T00:47:13.8931163Z   0     0    0     0    0     0      0      0 --:--:--  0:00:16 --:--:--     0
2026-09-27T00:47:13.8931490Z   0     0    0     0    0     0      0      0 --:--:--  0:00:17 --:--:--     0
2026-09-27T00:47:13.8931813Z   0     0    0     0    0     0      0      0 --:--:--  0:00:18 --:--:--     0
2026-09-27T00:47:13.8932147Z   0     0    0     0    0     0      0      0 --:--:--  0:00:19 --:--:--     0
2026-09-27T00:47:13.8932488Z   0     0    0     0    0     0      0      0 --:--:--  0:00:20 --:--:--     0
2026-09-27T00:47:13.8932830Z   0     0    0     0    0     0      0      0 --:--:--  0:00:21 --:--:--     0
2026-09-27T00:47:13.8933159Z   0     0    0     0    0     0      0      0 --:--:--  0:00:22 --:--:--     0
2026-09-27T00:47:13.8933484Z   0     0    0     0    0     0      0      0 --:--:--  0:00:23 --:--:--     0
2026-09-27T00:47:13.8933808Z   0     0    0     0    0     0      0      0 --:--:--  0:00:24 --:--:--     0
2026-09-27T00:47:13.8934130Z   0     0    0     0    0     0      0      0 --:--:--  0:00:25 --:--:--     0
2026-09-27T00:47:13.8934451Z   0     0    0     0    0     0      0      0 --:--:--  0:00:26 --:--:--     0
2026-09-27T00:47:13.8934773Z   0     0    0     0    0     0      0      0 --:--:--  0:00:27 --:--:--     0
2026-09-27T00:47:13.8935096Z   0     0    0     0    0     0      0      0 --:--:--  0:00:28 --:--:--     0
2026-09-27T00:47:13.8935431Z   0     0    0     0    0     0      0      0 --:--:--  0:00:29 --:--:--     0
2026-09-27T00:47:13.8935754Z   0     0    0     0    0     0      0      0 --:--:--  0:00:30 --:--:--     0
2026-09-27T00:47:13.8936196Z curl: (28) Failed to connect to gmplib.org port 443 after 30002 ms: Timeout was reached
2026-09-27T00:47:13.8936696Z Warning: Problem : timeout. Will retry in 2 seconds. 2 retries left.
2026-09-27T00:47:13.8936967Z 
2026-09-27T00:47:13.8937095Z   0     0    0     0    0     0      0      0 --:--:-- --:--:-- --:--:--     0
2026-09-27T00:47:13.8937433Z   0     0    0     0    0     0      0      0 --:--:--  0:00:01 --:--:--     0
2026-09-27T00:47:13.8937760Z   0     0    0     0    0     0      0      0 --:--:--  0:00:02 --:--:--     0
2026-09-27T00:47:13.8938084Z   0     0    0     0    0     0      0      0 --:--:--  0:00:03 --:--:--     0
2026-09-27T00:47:13.8938415Z   0     0    0     0    0     0      0      0 --:--:--  0:00:04 --:--:--     0
2026-09-27T00:47:13.8938745Z   0     0    0     0    0     0      0      0 --:--:--  0:00:05 --:--:--     0
2026-09-27T00:47:13.8939067Z   0     0    0     0    0     0      0      0 --:--:--  0:00:06 --:--:--     0
2026-09-27T00:47:13.8939391Z   0     0    0     0    0     0      0      0 --:--:--  0:00:07 --:--:--     0
2026-09-27T00:47:13.8939721Z   0     0    0     0    0     0      0      0 --:--:--  0:00:08 --:--:--     0
2026-09-27T00:47:13.8940041Z   0     0    0     0    0     0      0      0 --:--:--  0:00:09 --:--:--     0
2026-09-27T00:47:13.8940362Z   0     0    0     0    0     0      0      0 --:--:--  0:00:10 --:--:--     0
2026-09-27T00:47:13.8940992Z   0     0    0     0    0     0      0      0 --:--:--  0:00:11 --:--:--     0
2026-09-27T00:47:13.8941330Z   0     0    0     0    0     0      0      0 --:--:--  0:00:12 --:--:--     0
2026-09-27T00:47:13.8941654Z   0     0    0     0    0     0      0      0 --:--:--  0:00:13 --:--:--     0
2026-09-27T00:47:13.8942186Z   0     0    0     0    0     0      0      0 --:--:--  0:00:14 --:--:--     0
2026-09-27T00:47:13.8942919Z   0     0    0     0    0     0      0      0 --:--:--  0:00:15 --:--:--     0
2026-09-27T00:47:13.8943367Z   0     0    0     0    0     0      0      0 --:--:--  0:00:16 --:--:--     0
2026-09-27T00:47:13.8943694Z   0     0    0     0    0     0      0      0 --:--:--  0:00:17 --:--:--     0
2026-09-27T00:47:13.8944044Z   0     0    0     0    0     0      0      0 --:--:--  0:00:18 --:--:--     0
2026-09-27T00:47:13.8944464Z   0     0    0     0    0     0      0      0 --:--:--  0:00:19 --:--:--     0
2026-09-27T00:47:13.8944786Z   0     0    0     0    0     0      0      0 --:--:--  0:00:20 --:--:--     0
2026-09-27T00:47:13.8945108Z   0     0    0     0    0     0      0      0 --:--:--  0:00:21 --:--:--     0
2026-09-27T00:47:13.8945428Z   0     0    0     0    0     0      0      0 --:--:--  0:00:22 --:--:--     0
2026-09-27T00:47:13.8945751Z   0     0    0     0    0     0      0      0 --:--:--  0:00:23 --:--:--     0
2026-09-27T00:47:13.8946087Z   0     0    0     0    0     0      0      0 --:--:--  0:00:24 --:--:--     0
2026-09-27T00:47:13.8946417Z   0     0    0     0    0     0      0      0 --:--:--  0:00:25 --:--:--     0
2026-09-27T00:47:13.8946740Z   0     0    0     0    0     0      0      0 --:--:--  0:00:26 --:--:--     0
2026-09-27T00:47:13.8947061Z   0     0    0     0    0     0      0      0 --:--:--  0:00:27 --:--:--     0
2026-09-27T00:47:13.8947385Z   0     0    0     0    0     0      0      0 --:--:--  0:00:28 --:--:--     0
2026-09-27T00:47:13.8947707Z   0     0    0     0    0     0      0      0 --:--:--  0:00:29 --:--:--     0
2026-09-27T00:47:13.8948029Z   0     0    0     0    0     0      0      0 --:--:--  0:00:30 --:--:--     0
2026-09-27T00:47:13.8948451Z curl: (28) Failed to connect to gmplib.org port 443 after 30002 ms: Timeout was reached
2026-09-27T00:47:13.8948932Z Warning: Problem : timeout. Will retry in 4 seconds. 1 retries left.
2026-09-27T00:47:13.8949221Z 
2026-09-27T00:47:13.8949346Z   0     0    0     0    0     0      0      0 --:--:-- --:--:-- --:--:--     0
2026-09-27T00:47:13.8949680Z   0     0    0     0    0     0      0      0 --:--:--  0:00:01 --:--:--     0
2026-09-27T00:47:13.8950007Z   0     0    0     0    0     0      0      0 --:--:--  0:00:02 --:--:--     0
2026-09-27T00:47:13.8950332Z   0     0    0     0    0     0      0      0 --:--:--  0:00:03 --:--:--     0
2026-09-27T00:47:13.8951360Z   0     0    0     0    0     0      0      0 --:--:--  0:00:04 --:--:--     0
2026-09-27T00:47:13.8951698Z   0     0    0     0    0     0      0      0 --:--:--  0:00:05 --:--:--     0
2026-09-27T00:47:13.8952021Z   0     0    0     0    0     0      0      0 --:--:--  0:00:06 --:--:--     0
2026-09-27T00:47:13.8952343Z   0     0    0     0    0     0      0      0 --:--:--  0:00:07 --:--:--     0
2026-09-27T00:47:13.8952669Z   0     0    0     0    0     0      0      0 --:--:--  0:00:08 --:--:--     0
2026-09-27T00:47:13.8952990Z   0     0    0     0    0     0      0      0 --:--:--  0:00:09 --:--:--     0
2026-09-27T00:47:13.8953324Z   0     0    0     0    0     0      0      0 --:--:--  0:00:10 --:--:--     0
2026-09-27T00:47:13.8953644Z   0     0    0     0    0     0      0      0 --:--:--  0:00:11 --:--:--     0
2026-09-27T00:47:13.8953984Z   0     0    0     0    0     0      0      0 --:--:--  0:00:12 --:--:--     0
2026-09-27T00:47:13.8954310Z   0     0    0     0    0     0      0      0 --:--:--  0:00:13 --:--:--     0
2026-09-27T00:47:13.8954635Z   0     0    0     0    0     0      0      0 --:--:--  0:00:14 --:--:--     0
2026-09-27T00:47:13.8954958Z   0     0    0     0    0     0      0      0 --:--:--  0:00:15 --:--:--     0
2026-09-27T00:47:13.8955281Z   0     0    0     0    0     0      0      0 --:--:--  0:00:16 --:--:--     0
2026-09-27T00:47:13.8955609Z   0     0    0     0    0     0      0      0 --:--:--  0:00:17 --:--:--     0
2026-09-27T00:47:13.8955936Z   0     0    0     0    0     0      0      0 --:--:--  0:00:18 --:--:--     0
2026-09-27T00:47:13.8956423Z   0     0    0     0    0     0      0      0 --:--:--  0:00:19 --:--:--     0
2026-09-27T00:47:13.8956854Z   0     0    0     0    0     0      0      0 --:--:--  0:00:20 --:--:--     0
2026-09-27T00:47:13.8957184Z   0     0    0     0    0     0      0      0 --:--:--  0:00:21 --:--:--     0
2026-09-27T00:47:13.8957508Z   0     0    0     0    0     0      0      0 --:--:--  0:00:22 --:--:--     0
2026-09-27T00:47:13.8957831Z   0     0    0     0    0     0      0      0 --:--:--  0:00:23 --:--:--     0
2026-09-27T00:47:13.8958161Z   0     0    0     0    0     0      0      0 --:--:--  0:00:24 --:--:--     0
2026-09-27T00:47:13.8958489Z   0     0    0     0    0     0      0      0 --:--:--  0:00:25 --:--:--     0
2026-09-27T00:47:13.8958815Z   0     0    0     0    0     0      0      0 --:--:--  0:00:26 --:--:--     0
2026-09-27T00:47:13.8959142Z   0     0    0     0    0     0      0      0 --:--:--  0:00:27 --:--:--     0
2026-09-27T00:47:13.8959520Z   0     0    0     0    0     0      0      0 --:--:--  0:00:28 --:--:--     0
2026-09-27T00:47:13.8959853Z   0     0    0     0    0     0      0      0 --:--:--  0:00:29 --:--:--     0
2026-09-27T00:47:13.8960176Z   0     0    0     0    0     0      0      0 --:--:--  0:00:30 --:--:--     0
2026-09-27T00:47:13.8960853Z curl: (28) Failed to connect to gmplib.org port 443 after 30002 ms: Timeout was reached
2026-09-27T00:47:13.8961372Z Error downloading https://gmplib.org/download/gmp/gmp-6.3.0.tar.xz
2026-09-27T00:47:13.8961641Z 
2026-09-27T00:47:13.8962148Z     [1;36mGET[0m      gmp [mirror] http://sources.coreelec.org/gmp/gmp-6.3.0.tar.xz
2026-09-27T00:47:13.8962645Z   % Total    % Received % Xferd  Average Speed   Time    Time     Time  Current
2026-09-27T00:47:13.8963055Z                                  Dload  Upload   Total   Spent    Left  Speed
2026-09-27T00:47:13.8963284Z 
2026-09-27T00:47:13.8963410Z   0     0    0     0    0     0      0      0 --:--:-- --:--:-- --:--:--     0
2026-09-27T00:47:13.8963781Z 100   162  100   162    0     0    417      0 --:--:-- --:--:-- --:--:--   417
2026-09-27T00:47:13.8964025Z 
2026-09-27T00:47:13.8964148Z   0     0    0     0    0     0      0      0 --:--:--  0:00:01 --:--:--     0
2026-09-27T00:47:13.8964485Z   0   146    0     0    0     0      0      0 --:--:--  0:00:01 --:--:--     0
2026-09-27T00:47:13.8964811Z curl: (22) The requested URL returned error: 404
2026-09-27T00:47:13.8965188Z Error downloading http://sources.coreelec.org/gmp/gmp-6.3.0.tar.xz
2026-09-27T00:47:13.8965457Z 
2026-09-27T00:47:13.8965756Z     [1;36mGET[0m      gmp [mirror] http://sources.libreelec.tv/mirror/gmp/gmp-6.3.0.tar.xz
2026-09-27T00:47:13.8966256Z   % Total    % Received % Xferd  Average Speed   Time    Time     Time  Current
2026-09-27T00:47:13.8966663Z                                  Dload  Upload   Total   Spent    Left  Speed
2026-09-27T00:47:13.8966893Z 
2026-09-27T00:47:13.8967012Z   0     0    0     0    0     0      0      0 --:--:-- --:--:-- --:--:--     0
2026-09-27T00:47:13.8967347Z   0     0    0     0    0     0      0      0 --:--:-- --:--:-- --:--:--     0
2026-09-27T00:47:13.8967683Z curl: (22) The requested URL returned error: 404
2026-09-27T00:47:13.8968073Z Error downloading http://sources.libreelec.tv/mirror/gmp/gmp-6.3.0.tar.xz
2026-09-27T00:47:13.8968364Z 
2026-09-27T00:47:13.8968629Z     [1;36mGET[0m      gmp [primary] https://gmplib.org/download/gmp/gmp-6.3.0.tar.xz
2026-09-27T00:47:13.8969104Z   % Total    % Received % Xferd  Average Speed   Time    Time     Time  Current
2026-09-27T00:47:13.8969507Z                                  Dload  Upload   Total   Spent    Left  Speed
2026-09-27T00:47:13.8969735Z 
2026-09-27T00:47:13.8969857Z   0     0    0     0    0     0      0      0 --:--:-- --:--:-- --:--:--     0
2026-09-27T00:47:13.8970192Z   0     0    0     0    0     0      0      0 --:--:-- --:--:-- --:--:--     0
2026-09-27T00:47:13.8970732Z   0     0    0     0    0     0      0      0 --:--:--  0:00:01 --:--:--     0
2026-09-27T00:47:13.8971334Z   0     0    0     0    0     0      0      0 --:--:--  0:00:02 --:--:--     0
2026-09-27T00:47:13.8971780Z   0     0    0     0    0     0      0      0 --:--:--  0:00:03 --:--:--     0
2026-09-27T00:47:13.8972110Z   0     0    0     0    0     0      0      0 --:--:--  0:00:04 --:--:--     0
2026-09-27T00:47:13.8972435Z   0     0    0     0    0     0      0      0 --:--:--  0:00:05 --:--:--     0
2026-09-27T00:47:13.8972760Z   0     0    0     0    0     0      0      0 --:--:--  0:00:06 --:--:--     0
2026-09-27T00:47:13.8973084Z   0     0    0     0    0     0      0      0 --:--:--  0:00:07 --:--:--     0
2026-09-27T00:47:13.8973409Z   0     0    0     0    0     0      0      0 --:--:--  0:00:08 --:--:--     0
2026-09-27T00:47:13.8973739Z   0     0    0     0    0     0      0      0 --:--:--  0:00:09 --:--:--     0
2026-09-27T00:47:13.8974082Z   0     0    0     0    0     0      0      0 --:--:--  0:00:10 --:--:--     0
2026-09-27T00:47:13.8974417Z   0     0    0     0    0     0      0      0 --:--:--  0:00:11 --:--:--     0
2026-09-27T00:47:13.8974758Z   0     0    0     0    0     0      0      0 --:--:--  0:00:12 --:--:--     0
2026-09-27T00:47:13.8975087Z   0     0    0     0    0     0      0      0 --:--:--  0:00:13 --:--:--     0
2026-09-27T00:47:13.8975413Z   0     0    0     0    0     0      0      0 --:--:--  0:00:14 --:--:--     0
2026-09-27T00:47:13.8975738Z   0     0    0     0    0     0      0      0 --:--:--  0:00:15 --:--:--     0
2026-09-27T00:47:13.8976064Z   0     0    0     0    0     0      0      0 --:--:--  0:00:16 --:--:--     0
2026-09-27T00:47:13.8976397Z   0     0    0     0    0     0      0      0 --:--:--  0:00:17 --:--:--     0
2026-09-27T00:47:13.8976723Z   0     0    0     0    0     0      0      0 --:--:--  0:00:18 --:--:--     0
2026-09-27T00:47:13.8977050Z   0     0    0     0    0     0      0      0 --:--:--  0:00:19 --:--:--     0
2026-09-27T00:47:13.8977375Z   0     0    0     0    0     0      0      0 --:--:--  0:00:20 --:--:--     0
2026-09-27T00:47:13.8977703Z   0     0    0     0    0     0      0      0 --:--:--  0:00:21 --:--:--     0
2026-09-27T00:47:13.8978035Z   0     0    0     0    0     0      0      0 --:--:--  0:00:22 --:--:--     0
2026-09-27T00:47:13.8978359Z   0     0    0     0    0     0      0      0 --:--:--  0:00:23 --:--:--     0
2026-09-27T00:47:13.8978684Z   0     0    0     0    0     0      0      0 --:--:--  0:00:24 --:--:--     0
2026-09-27T00:47:13.8979015Z   0     0    0     0    0     0      0      0 --:--:--  0:00:25 --:--:--     0
2026-09-27T00:47:13.8979340Z   0     0    0     0    0     0      0      0 --:--:--  0:00:26 --:--:--     0
2026-09-27T00:47:13.8979670Z   0     0    0     0    0     0      0      0 --:--:--  0:00:27 --:--:--     0
2026-09-27T00:47:13.8979997Z   0     0    0     0    0     0      0      0 --:--:--  0:00:28 --:--:--     0
2026-09-27T00:47:13.8980325Z   0     0    0     0    0     0      0      0 --:--:--  0:00:29 --:--:--     0
2026-09-27T00:47:13.8980898Z   0     0    0     0    0     0      0      0 --:--:--  0:00:30 --:--:--     0
2026-09-27T00:47:13.8981346Z curl: (28) Failed to connect to gmplib.org port 443 after 30001 ms: Timeout was reached
2026-09-27T00:47:13.8981839Z Warning: Problem : timeout. Will retry in 1 seconds. 3 retries left.
2026-09-27T00:47:13.8982109Z 
2026-09-27T00:47:13.8982234Z   0     0    0     0    0     0      0      0 --:--:-- --:--:-- --:--:--     0
2026-09-27T00:47:13.8982563Z   0     0    0     0    0     0      0      0 --:--:--  0:00:01 --:--:--     0
2026-09-27T00:47:13.8982893Z   0     0    0     0    0     0      0      0 --:--:--  0:00:02 --:--:--     0
2026-09-27T00:47:13.8983220Z   0     0    0     0    0     0      0      0 --:--:--  0:00:03 --:--:--     0
2026-09-27T00:47:13.8983546Z   0     0    0     0    0     0      0      0 --:--:--  0:00:04 --:--:--     0
2026-09-27T00:47:13.8983869Z   0     0    0     0    0     0      0      0 --:--:--  0:00:05 --:--:--     0
2026-09-27T00:47:13.8984195Z   0     0    0     0    0     0      0      0 --:--:--  0:00:06 --:--:--     0
2026-09-27T00:47:13.8984653Z   0     0    0     0    0     0      0      0 --:--:--  0:00:07 --:--:--     0
2026-09-27T00:47:13.8985076Z   0     0    0     0    0     0      0      0 --:--:--  0:00:08 --:--:--     0
2026-09-27T00:47:13.8985407Z   0     0    0     0    0     0      0      0 --:--:--  0:00:09 --:--:--     0
2026-09-27T00:47:13.8985732Z   0     0    0     0    0     0      0      0 --:--:--  0:00:10 --:--:--     0
2026-09-27T00:47:13.8986054Z   0     0    0     0    0     0      0      0 --:--:--  0:00:11 --:--:--     0
2026-09-27T00:47:13.8986376Z   0     0    0     0    0     0      0      0 --:--:--  0:00:12 --:--:--     0
2026-09-27T00:47:13.8986701Z   0     0    0     0    0     0      0      0 --:--:--  0:00:13 --:--:--     0
2026-09-27T00:47:13.8987026Z   0     0    0     0    0     0      0      0 --:--:--  0:00:14 --:--:--     0
2026-09-27T00:47:13.8987357Z   0     0    0     0    0     0      0      0 --:--:--  0:00:15 --:--:--     0
2026-09-27T00:47:13.8987681Z   0     0    0     0    0     0      0      0 --:--:--  0:00:16 --:--:--     0
2026-09-27T00:47:13.8988014Z   0     0    0     0    0     0      0      0 --:--:--  0:00:17 --:--:--     0
2026-09-27T00:47:13.8988339Z   0     0    0     0    0     0      0      0 --:--:--  0:00:18 --:--:--     0
2026-09-27T00:47:13.8988665Z   0     0    0     0    0     0      0      0 --:--:--  0:00:19 --:--:--     0
2026-09-27T00:47:13.8989004Z   0     0    0     0    0     0      0      0 --:--:--  0:00:20 --:--:--     0
2026-09-27T00:47:13.8989337Z   0     0    0     0    0     0      0      0 --:--:--  0:00:21 --:--:--     0
2026-09-27T00:47:13.8989666Z   0     0    0     0    0     0      0      0 --:--:--  0:00:22 --:--:--     0
2026-09-27T00:47:13.8989995Z   0     0    0     0    0     0      0      0 --:--:--  0:00:23 --:--:--     0
2026-09-27T00:47:13.8990321Z   0     0    0     0    0     0      0      0 --:--:--  0:00:24 --:--:--     0
2026-09-27T00:47:13.8990889Z   0     0    0     0    0     0      0      0 --:--:--  0:00:25 --:--:--     0
2026-09-27T00:47:13.8991223Z   0     0    0     0    0     0      0      0 --:--:--  0:00:26 --:--:--     0
2026-09-27T00:47:13.8991569Z   0     0    0     0    0     0      0      0 --:--:--  0:00:27 --:--:--     0
2026-09-27T00:47:13.8991895Z   0     0    0     0    0     0      0      0 --:--:--  0:00:28 --:--:--     0
2026-09-27T00:47:13.8992220Z   0     0    0     0    0     0      0      0 --:--:--  0:00:29 --:--:--     0
2026-09-27T00:47:13.8992545Z   0     0    0     0    0     0      0      0 --:--:--  0:00:30 --:--:--     0
2026-09-27T00:47:13.8992966Z curl: (28) Failed to connect to gmplib.org port 443 after 30002 ms: Timeout was reached
2026-09-27T00:47:13.8993449Z Warning: Problem : timeout. Will retry in 2 seconds. 2 retries left.
2026-09-27T00:47:13.8993718Z 
2026-09-27T00:47:13.8993836Z   0     0    0     0    0     0      0      0 --:--:-- --:--:-- --:--:--     0
2026-09-27T00:47:13.8994167Z   0     0    0     0    0     0      0      0 --:--:--  0:00:01 --:--:--     0
2026-09-27T00:47:13.8994497Z   0     0    0     0    0     0      0      0 --:--:--  0:00:02 --:--:--     0
2026-09-27T00:47:13.8994827Z   0     0    0     0    0     0      0      0 --:--:--  0:00:03 --:--:--     0
2026-09-27T00:47:13.8995151Z   0     0    0     0    0     0      0      0 --:--:--  0:00:04 --:--:--     0
2026-09-27T00:47:13.8995475Z   0     0    0     0    0     0      0      0 --:--:--  0:00:05 --:--:--     0
2026-09-27T00:47:13.8995799Z   0     0    0     0    0     0      0      0 --:--:--  0:00:06 --:--:--     0
2026-09-27T00:47:13.8996123Z   0     0    0     0    0     0      0      0 --:--:--  0:00:07 --:--:--     0
2026-09-27T00:47:13.8996453Z   0     0    0     0    0     0      0      0 --:--:--  0:00:08 --:--:--     0
2026-09-27T00:47:13.8996781Z   0     0    0     0    0     0      0      0 --:--:--  0:00:09 --:--:--     0
2026-09-27T00:47:13.8997107Z   0     0    0     0    0     0      0      0 --:--:--  0:00:10 --:--:--     0
2026-09-27T00:47:13.8997432Z   0     0    0     0    0     0      0      0 --:--:--  0:00:11 --:--:--     0
2026-09-27T00:47:13.8998070Z   0     0    0     0    0     0      0      0 --:--:--  0:00:12 --:--:--     0
2026-09-27T00:47:13.8998405Z   0     0    0     0    0     0      0      0 --:--:--  0:00:13 --:--:--     0
2026-09-27T00:47:13.8998728Z   0     0    0     0    0     0      0      0 --:--:--  0:00:14 --:--:--     0
2026-09-27T00:47:13.8999056Z   0     0    0     0    0     0      0      0 --:--:--  0:00:15 --:--:--     0
2026-09-27T00:47:13.8999381Z   0     0    0     0    0     0      0      0 --:--:--  0:00:16 --:--:--     0
2026-09-27T00:47:13.8999709Z   0     0    0     0    0     0      0      0 --:--:--  0:00:17 --:--:--     0
2026-09-27T00:47:13.9000037Z   0     0    0     0    0     0      0      0 --:--:--  0:00:18 --:--:--     0
2026-09-27T00:47:13.9000362Z   0     0    0     0    0     0      0      0 --:--:--  0:00:19 --:--:--     0
2026-09-27T00:47:13.9000954Z   0     0    0     0    0     0      0      0 --:--:--  0:00:20 --:--:--     0
2026-09-27T00:47:13.9001293Z   0     0    0     0    0     0      0      0 --:--:--  0:00:21 --:--:--     0
2026-09-27T00:47:13.9001626Z   0     0    0     0    0     0      0      0 --:--:--  0:00:22 --:--:--     0
2026-09-27T00:47:13.9001953Z   0     0    0     0    0     0      0      0 --:--:--  0:00:23 --:--:--     0
2026-09-27T00:47:13.9002277Z   0     0    0     0    0     0      0      0 --:--:--  0:00:24 --:--:--     0
2026-09-27T00:47:13.9002603Z   0     0    0     0    0     0      0      0 --:--:--  0:00:25 --:--:--     0
2026-09-27T00:47:13.9002929Z   0     0    0     0    0     0      0      0 --:--:--  0:00:26 --:--:--     0
2026-09-27T00:47:13.9003252Z   0     0    0     0    0     0      0      0 --:--:--  0:00:27 --:--:--     0
2026-09-27T00:47:13.9003577Z   0     0    0     0    0     0      0      0 --:--:--  0:00:28 --:--:--     0
2026-09-27T00:47:13.9003904Z   0     0    0     0    0     0      0      0 --:--:--  0:00:29 --:--:--     0
2026-09-27T00:47:13.9004228Z   0     0    0     0    0     0      0      0 --:--:--  0:00:30 --:--:--     0
2026-09-27T00:47:13.9004655Z curl: (28) Failed to connect to gmplib.org port 443 after 30001 ms: Timeout was reached
2026-09-27T00:47:13.9005131Z Warning: Problem : timeout. Will retry in 4 seconds. 1 retries left.
2026-09-27T00:47:13.9005400Z 
2026-09-27T00:47:13.9005524Z   0     0    0     0    0     0      0      0 --:--:-- --:--:-- --:--:--     0
2026-09-27T00:47:13.9005856Z   0     0    0     0    0     0      0      0 --:--:--  0:00:01 --:--:--     0
2026-09-27T00:47:13.9006181Z   0     0    0     0    0     0      0      0 --:--:--  0:00:02 --:--:--     0
2026-09-27T00:47:13.9006503Z   0     0    0     0    0     0      0      0 --:--:--  0:00:03 --:--:--     0
2026-09-27T00:47:13.9006829Z   0     0    0     0    0     0      0      0 --:--:--  0:00:04 --:--:--     0
2026-09-27T00:47:13.9007156Z   0     0    0     0    0     0      0      0 --:--:--  0:00:05 --:--:--     0
2026-09-27T00:47:13.9007480Z   0     0    0     0    0     0      0      0 --:--:--  0:00:06 --:--:--     0
2026-09-27T00:47:13.9007822Z   0     0    0     0    0     0      0      0 --:--:--  0:00:07 --:--:--     0
2026-09-27T00:47:13.9008148Z   0     0    0     0    0     0      0      0 --:--:--  0:00:08 --:--:--     0
2026-09-27T00:47:13.9008474Z   0     0    0     0    0     0      0      0 --:--:--  0:00:09 --:--:--     0
2026-09-27T00:47:13.9008800Z   0     0    0     0    0     0      0      0 --:--:--  0:00:10 --:--:--     0
2026-09-27T00:47:13.9009127Z   0     0    0     0    0     0      0      0 --:--:--  0:00:11 --:--:--     0
2026-09-27T00:47:13.9009454Z   0     0    0     0    0     0      0      0 --:--:--  0:00:12 --:--:--     0
2026-09-27T00:47:13.9009780Z   0     0    0     0    0     0      0      0 --:--:--  0:00:13 --:--:--     0
2026-09-27T00:47:13.9010115Z   0     0    0     0    0     0      0      0 --:--:--  0:00:14 --:--:--     0
2026-09-27T00:47:13.9010446Z   0     0    0     0    0     0      0      0 --:--:--  0:00:15 --:--:--     0
2026-09-27T00:47:13.9011326Z   0     0    0     0    0     0      0      0 --:--:--  0:00:16 --:--:--     0
2026-09-27T00:47:13.9011760Z   0     0    0     0    0     0      0      0 --:--:--  0:00:17 --:--:--     0
2026-09-27T00:47:13.9012087Z   0     0    0     0    0     0      0      0 --:--:--  0:00:18 --:--:--     0
2026-09-27T00:47:13.9012411Z   0     0    0     0    0     0      0      0 --:--:--  0:00:19 --:--:--     0
2026-09-27T00:47:13.9012737Z   0     0    0     0    0     0      0      0 --:--:--  0:00:20 --:--:--     0
2026-09-27T00:47:13.9013060Z   0     0    0     0    0     0      0      0 --:--:--  0:00:21 --:--:--     0
2026-09-27T00:47:13.9013382Z   0     0    0     0    0     0      0      0 --:--:--  0:00:22 --:--:--     0
2026-09-27T00:47:13.9013721Z   0     0    0     0    0     0      0      0 --:--:--  0:00:23 --:--:--     0
2026-09-27T00:47:13.9014050Z   0     0    0     0    0     0      0      0 --:--:--  0:00:24 --:--:--     0
2026-09-27T00:47:13.9014375Z   0     0    0     0    0     0      0      0 --:--:--  0:00:25 --:--:--     0
2026-09-27T00:47:13.9014709Z   0     0    0     0    0     0      0      0 --:--:--  0:00:26 --:--:--     0
2026-09-27T00:47:13.9015038Z   0     0    0     0    0     0      0      0 --:--:--  0:00:27 --:--:--     0
2026-09-27T00:47:13.9015365Z   0     0    0     0    0     0      0      0 --:--:--  0:00:28 --:--:--     0
2026-09-27T00:47:13.9015688Z   0     0    0     0    0     0      0      0 --:--:--  0:00:29 --:--:--     0
2026-09-27T00:47:13.9016011Z   0     0    0     0    0     0      0      0 --:--:--  0:00:30 --:--:--     0
2026-09-27T00:47:13.9016437Z curl: (28) Failed to connect to gmplib.org port 443 after 30002 ms: Timeout was reached
2026-09-27T00:47:13.9016926Z Error downloading https://gmplib.org/download/gmp/gmp-6.3.0.tar.xz
2026-09-27T00:47:13.9017192Z 
2026-09-27T00:47:13.9017496Z     [1;36mGET[0m      gmp [mirror] http://sources.coreelec.org/gmp/gmp-6.3.0.tar.xz
2026-09-27T00:47:13.9017970Z   % Total    % Received % Xferd  Average Speed   Time    Time     Time  Current
2026-09-27T00:47:13.9018382Z                                  Dload  Upload   Total   Spent    Left  Speed
2026-09-27T00:47:13.9018616Z 
2026-09-27T00:47:13.9018737Z   0     0    0     0    0     0      0      0 --:--:-- --:--:-- --:--:--     0
2026-09-27T00:47:13.9019068Z   0     0    0     0    0     0      0      0 --:--:-- --:--:-- --:--:--     0
2026-09-27T00:47:13.9019425Z 100   162  100   162    0     0    241      0 --:--:-- --:--:-- --:--:--   241
2026-09-27T00:47:13.9019655Z 
2026-09-27T00:47:13.9019774Z   0     0    0     0    0     0      0      0 --:--:--  0:00:01 --:--:--     0
2026-09-27T00:47:13.9020108Z   0   146    0     0    0     0      0      0 --:--:--  0:00:01 --:--:--     0
2026-09-27T00:47:13.9020434Z curl: (22) The requested URL returned error: 404
2026-09-27T00:47:13.9021071Z Error downloading http://sources.coreelec.org/gmp/gmp-6.3.0.tar.xz
2026-09-27T00:47:13.9021344Z 
2026-09-27T00:47:13.9021634Z     [1;36mGET[0m      gmp [mirror] http://sources.libreelec.tv/mirror/gmp/gmp-6.3.0.tar.xz
2026-09-27T00:47:13.9022137Z   % Total    % Received % Xferd  Average Speed   Time    Time     Time  Current
2026-09-27T00:47:13.9022539Z                                  Dload  Upload   Total   Spent    Left  Speed
2026-09-27T00:47:13.9022768Z 
2026-09-27T00:47:13.9022892Z   0     0    0     0    0     0      0      0 --:--:-- --:--:-- --:--:--     0
2026-09-27T00:47:13.9023219Z   0     0    0     0    0     0      0      0 --:--:-- --:--:-- --:--:--     0
2026-09-27T00:47:13.9023539Z curl: (22) The requested URL returned error: 404
2026-09-27T00:47:13.9023930Z Error downloading http://sources.libreelec.tv/mirror/gmp/gmp-6.3.0.tar.xz
2026-09-27T00:47:13.9024220Z 
2026-09-27T00:47:13.9024224Z 
2026-09-27T00:47:13.9024305Z Cannot get gmp sources
2026-09-27T00:47:13.9024582Z   primary: https://gmplib.org/download/gmp/gmp-6.3.0.tar.xz
2026-09-27T00:47:13.9025161Z    mirror:  http://sources.coreelec.org/gmp/gmp-6.3.0.tar.xz http://sources.libreelec.tv/mirror/gmp/gmp-6.3.0.tar.xz
2026-09-27T00:47:13.9025847Z Try later!
2026-09-27T00:47:13.9026043Z *********** FAILED COMMAND ***********
2026-09-27T00:47:13.9026393Z . "${get_handler}"
2026-09-27T00:47:13.9026587Z **************************************
2026-09-27T00:47:13.9026824Z *********** FAILED COMMAND ***********
2026-09-27T00:47:13.9027070Z ${SCRIPTS}/get "${PKG_NAME}"
2026-09-27T00:47:13.9027294Z **************************************
2026-09-27T00:47:13.9027527Z *********** FAILED COMMAND ***********
2026-09-27T00:47:13.9027797Z ${SCRIPTS}/unpack "${PKG_NAME}" "${PARENT_PKG}"
2026-09-27T00:47:13.9028070Z **************************************
2026-09-27T00:47:13.9028306Z *********** FAILED COMMAND ***********
2026-09-27T00:47:13.9028559Z ${SCRIPTS}/build "${p}" "${PARENT_PKG}"
2026-09-27T00:47:13.9028805Z **************************************
2026-09-27T00:47:13.9029037Z *********** FAILED COMMAND ***********
2026-09-27T00:47:13.9029284Z ${SCRIPTS}/build "${p}" "${PARENT_PKG}"
2026-09-27T00:47:13.9029528Z **************************************
2026-09-27T00:47:13.9029765Z *********** FAILED COMMAND ***********
2026-09-27T00:47:13.9030017Z ${SCRIPTS}/build "${p}" "${PARENT_PKG}"
2026-09-27T00:47:13.9030259Z **************************************
2026-09-27T00:47:13.9030780Z FATAL: scripts/build linux failed (unpatched) rc=1
2026-09-27T00:47:13.9049426Z ##[error]Process completed with exit code 1.
2026-09-27T00:47:13.9131302Z ##[group]Run actions/upload-artifact@v4
2026-09-27T00:47:13.9131621Z with:
2026-09-27T00:47:13.9131819Z   name: test-kernel-build
2026-09-27T00:47:13.9132042Z   path: out/
2026-09-27T00:47:13.9132236Z   if-no-files-found: warn
2026-09-27T00:47:13.9132458Z   compression-level: 6
2026-09-27T00:47:13.9132670Z   overwrite: false
2026-09-27T00:47:13.9132880Z   include-hidden-files: false
2026-09-27T00:47:13.9133105Z env:
2026-09-27T00:47:13.9133324Z   CE_COMMIT: cb01a8989c75486ff0cfc7cbab7bcd6c20cfbc7f
2026-09-27T00:47:13.9133660Z   BASE_CD: 23b23cb6b709d53a5b7cb2cc6984f0c4d16bb125
2026-09-27T00:47:13.9133984Z   PATCHED_CD: 48e62bf2932c98e48d18569ff0a1d73e25924eda
2026-09-27T00:47:13.9134308Z   PATCHED_CD_REPO: avrignaud/common_drivers
2026-09-27T00:47:13.9134932Z   OFFICIAL_TAR_URL: https://archive.coreelec.org/Amlogic-no/CE-22/20260926/CoreELEC-Amlogic-no.aarch64-22.0-Piers_nightly_20260926.tar
2026-09-27T00:47:13.9135582Z   RELEASE_TAG: test-hpd-leak-fix-nightly_20260926
2026-09-27T00:47:13.9135913Z   BUILD_UNPATCHED: yes
2026-09-27T00:47:13.9136123Z ##[endgroup]
2026-09-27T00:47:14.2669606Z (node:392242) [DEP0040] DeprecationWarning: The `punycode` module is deprecated. Please use a userland alternative instead.
2026-09-27T00:47:14.2670678Z (Use `node --trace-deprecation ...` to show where the warning was created)
2026-09-27T00:47:14.2773534Z With the provided path, there will be 3 files uploaded
2026-09-27T00:47:14.2777320Z Artifact name is valid!
2026-09-27T00:47:14.2777615Z Root directory input is valid!
2026-09-27T00:47:14.7433557Z Beginning upload of artifact content to blob storage
2026-09-27T00:47:14.8903548Z (node:392242) [DEP0169] DeprecationWarning: `url.parse()` behavior is not standardized and prone to errors that have security implications. Use the WHATWG URL API instead. CVEs are not issued for `url.parse()` vulnerabilities.
2026-09-27T00:47:15.5134530Z Uploaded bytes 580616
2026-09-27T00:47:15.5989750Z Finished uploading artifact content to blob storage!
2026-09-27T00:47:15.5990948Z SHA256 digest of uploaded artifact zip is f4cf1f718677d24a6d5bfa97acc1f428793e3cac7bf5b7cf3bc0c30786b7903d
2026-09-27T00:47:15.5992675Z Finalizing artifact upload
2026-09-27T00:47:15.8753556Z Artifact test-kernel-build.zip successfully finalized. Artifact ID 10919084634
2026-09-27T00:47:15.8755022Z Artifact test-kernel-build has been successfully uploaded! Final size is 580616 bytes. Artifact ID is 10919084634
2026-09-27T00:47:15.8761519Z Artifact download URL: https://github.com/avrignaud/common_drivers/actions/runs/36280393460/artifacts/10919084634
2026-09-27T00:47:15.8994359Z Post job cleanup.
2026-09-27T00:47:15.9882951Z [command]/usr/bin/git version
2026-09-27T00:47:15.9933451Z git version 2.55.0
2026-09-27T00:47:15.9972969Z Temporarily overriding HOME='/home/runner/work/_temp/73ffeff4-cdb0-4819-a812-904e3b002f15' before making global git config changes
2026-09-27T00:47:15.9974233Z Adding repository directory to the temporary git global config as a safe directory
2026-09-27T00:47:15.9991695Z [command]/usr/bin/git config --global --add safe.directory /home/runner/work/common_drivers/common_drivers
2026-09-27T00:47:16.0026526Z [command]/usr/bin/git config --local --name-only --get-regexp core\.sshCommand
2026-09-27T00:47:16.0081655Z [command]/usr/bin/git submodule foreach --recursive sh -c "git config --local --name-only --get-regexp 'core\.sshCommand' && git config --local --unset-all 'core.sshCommand' || :"
2026-09-27T00:47:16.0360164Z [command]/usr/bin/git config --local --name-only --get-regexp http\.https\:\/\/github\.com\/\.extraheader
2026-09-27T00:47:16.0391111Z http.https://github.com/.extraheader
2026-09-27T00:47:16.0403026Z [command]/usr/bin/git config --local --unset-all http.https://github.com/.extraheader
2026-09-27T00:47:16.0439721Z [command]/usr/bin/git submodule foreach --recursive sh -c "git config --local --name-only --get-regexp 'http\.https\:\/\/github\.com\/\.extraheader' && git config --local --unset-all 'http.https://github.com/.extraheader' || :"
2026-09-27T00:47:16.0716538Z [command]/usr/bin/git config --local --name-only --get-regexp ^includeIf\.gitdir:
2026-09-27T00:47:16.0758456Z [command]/usr/bin/git submodule foreach --recursive git config --local --show-origin --name-only --get-regexp remote.origin.url
2026-09-27T00:47:16.1171122Z Cleaning up orphan processes
2026-09-27T00:47:16.1596713Z ##[warning]Node.js 20 is deprecated. The following actions target Node.js 20 but are being forced to run on Node.js 24: actions/checkout@v4, actions/upload-artifact@v4. For more information see: https://github.blog/changelog/2025-09-19-deprecation-of-node-20-on-github-actions-runners/